../Core/Src/main.c:91:5:main	8	static
../Core/Src/main.c:146:6:SystemClock_Config	128	static
../Core/Src/main.c:205:13:MX_ADC1_Init	8	static
../Core/Src/main.c:249:13:MX_I2C1_Init	8	static
../Core/Src/main.c:297:13:MX_I2C4_Init	8	static
../Core/Src/main.c:345:13:MX_SDMMC1_SD_Init	8	static
../Core/Src/main.c:376:13:MX_SPI1_Init	24	static
../Core/Src/main.c:433:13:MX_SPI2_Init	24	static
../Core/Src/main.c:490:13:MX_UART4_Init	8	static
../Core/Src/main.c:538:13:MX_USART1_UART_Init	8	static
../Core/Src/main.c:586:13:MX_USART2_UART_Init	8	static
../Core/Src/main.c:634:13:MX_USART3_UART_Init	8	static
../Core/Src/main.c:682:13:MX_USB_OTG_FS_PCD_Init	8	static
../Core/Src/main.c:718:13:MX_GPIO_Init	56	static
../Core/Src/main.c:776:6:Error_Handler	4	static,ignoring_inline_asm
