Archive member included to satisfy reference by file (symbol)

C:/ST/STM32CubeIDE_1.16.1/STM32CubeIDE/plugins/com.st.stm32cube.ide.mcu.externaltools.gnu-tools-for-stm32.12.3.rel1.win32_1.0.200.202406191623/tools/bin/../lib/gcc/arm-none-eabi/12.3.1/../../../../arm-none-eabi/lib/thumb/v8-m.main+fp/hard\libc_nano.a(libc_a-exit.o)
                              C:/ST/STM32CubeIDE_1.16.1/STM32CubeIDE/plugins/com.st.stm32cube.ide.mcu.externaltools.gnu-tools-for-stm32.12.3.rel1.win32_1.0.200.202406191623/tools/bin/../lib/gcc/arm-none-eabi/12.3.1/../../../../arm-none-eabi/lib/thumb/v8-m.main+fp/hard/crt0.o (exit)
C:/ST/STM32CubeIDE_1.16.1/STM32CubeIDE/plugins/com.st.stm32cube.ide.mcu.externaltools.gnu-tools-for-stm32.12.3.rel1.win32_1.0.200.202406191623/tools/bin/../lib/gcc/arm-none-eabi/12.3.1/../../../../arm-none-eabi/lib/thumb/v8-m.main+fp/hard\libc_nano.a(libc_a-findfp.o)
                              C:/ST/STM32CubeIDE_1.16.1/STM32CubeIDE/plugins/com.st.stm32cube.ide.mcu.externaltools.gnu-tools-for-stm32.12.3.rel1.win32_1.0.200.202406191623/tools/bin/../lib/gcc/arm-none-eabi/12.3.1/../../../../arm-none-eabi/lib/thumb/v8-m.main+fp/hard\libc_nano.a(libc_a-exit.o) (__stdio_exit_handler)
C:/ST/STM32CubeIDE_1.16.1/STM32CubeIDE/plugins/com.st.stm32cube.ide.mcu.externaltools.gnu-tools-for-stm32.12.3.rel1.win32_1.0.200.202406191623/tools/bin/../lib/gcc/arm-none-eabi/12.3.1/../../../../arm-none-eabi/lib/thumb/v8-m.main+fp/hard\libc_nano.a(libc_a-fwalk.o)
                              C:/ST/STM32CubeIDE_1.16.1/STM32CubeIDE/plugins/com.st.stm32cube.ide.mcu.externaltools.gnu-tools-for-stm32.12.3.rel1.win32_1.0.200.202406191623/tools/bin/../lib/gcc/arm-none-eabi/12.3.1/../../../../arm-none-eabi/lib/thumb/v8-m.main+fp/hard\libc_nano.a(libc_a-findfp.o) (_fwalk_sglue)
C:/ST/STM32CubeIDE_1.16.1/STM32CubeIDE/plugins/com.st.stm32cube.ide.mcu.externaltools.gnu-tools-for-stm32.12.3.rel1.win32_1.0.200.202406191623/tools/bin/../lib/gcc/arm-none-eabi/12.3.1/../../../../arm-none-eabi/lib/thumb/v8-m.main+fp/hard\libc_nano.a(libc_a-stdio.o)
                              C:/ST/STM32CubeIDE_1.16.1/STM32CubeIDE/plugins/com.st.stm32cube.ide.mcu.externaltools.gnu-tools-for-stm32.12.3.rel1.win32_1.0.200.202406191623/tools/bin/../lib/gcc/arm-none-eabi/12.3.1/../../../../arm-none-eabi/lib/thumb/v8-m.main+fp/hard\libc_nano.a(libc_a-findfp.o) (__sread)
C:/ST/STM32CubeIDE_1.16.1/STM32CubeIDE/plugins/com.st.stm32cube.ide.mcu.externaltools.gnu-tools-for-stm32.12.3.rel1.win32_1.0.200.202406191623/tools/bin/../lib/gcc/arm-none-eabi/12.3.1/../../../../arm-none-eabi/lib/thumb/v8-m.main+fp/hard\libc_nano.a(libc_a-memset.o)
                              C:/ST/STM32CubeIDE_1.16.1/STM32CubeIDE/plugins/com.st.stm32cube.ide.mcu.externaltools.gnu-tools-for-stm32.12.3.rel1.win32_1.0.200.202406191623/tools/bin/../lib/gcc/arm-none-eabi/12.3.1/../../../../arm-none-eabi/lib/thumb/v8-m.main+fp/hard/crt0.o (memset)
C:/ST/STM32CubeIDE_1.16.1/STM32CubeIDE/plugins/com.st.stm32cube.ide.mcu.externaltools.gnu-tools-for-stm32.12.3.rel1.win32_1.0.200.202406191623/tools/bin/../lib/gcc/arm-none-eabi/12.3.1/../../../../arm-none-eabi/lib/thumb/v8-m.main+fp/hard\libc_nano.a(libc_a-closer.o)
                              C:/ST/STM32CubeIDE_1.16.1/STM32CubeIDE/plugins/com.st.stm32cube.ide.mcu.externaltools.gnu-tools-for-stm32.12.3.rel1.win32_1.0.200.202406191623/tools/bin/../lib/gcc/arm-none-eabi/12.3.1/../../../../arm-none-eabi/lib/thumb/v8-m.main+fp/hard\libc_nano.a(libc_a-stdio.o) (_close_r)
C:/ST/STM32CubeIDE_1.16.1/STM32CubeIDE/plugins/com.st.stm32cube.ide.mcu.externaltools.gnu-tools-for-stm32.12.3.rel1.win32_1.0.200.202406191623/tools/bin/../lib/gcc/arm-none-eabi/12.3.1/../../../../arm-none-eabi/lib/thumb/v8-m.main+fp/hard\libc_nano.a(libc_a-reent.o)
                              C:/ST/STM32CubeIDE_1.16.1/STM32CubeIDE/plugins/com.st.stm32cube.ide.mcu.externaltools.gnu-tools-for-stm32.12.3.rel1.win32_1.0.200.202406191623/tools/bin/../lib/gcc/arm-none-eabi/12.3.1/../../../../arm-none-eabi/lib/thumb/v8-m.main+fp/hard\libc_nano.a(libc_a-closer.o) (errno)
C:/ST/STM32CubeIDE_1.16.1/STM32CubeIDE/plugins/com.st.stm32cube.ide.mcu.externaltools.gnu-tools-for-stm32.12.3.rel1.win32_1.0.200.202406191623/tools/bin/../lib/gcc/arm-none-eabi/12.3.1/../../../../arm-none-eabi/lib/thumb/v8-m.main+fp/hard\libc_nano.a(libc_a-impure.o)
                              C:/ST/STM32CubeIDE_1.16.1/STM32CubeIDE/plugins/com.st.stm32cube.ide.mcu.externaltools.gnu-tools-for-stm32.12.3.rel1.win32_1.0.200.202406191623/tools/bin/../lib/gcc/arm-none-eabi/12.3.1/../../../../arm-none-eabi/lib/thumb/v8-m.main+fp/hard\libc_nano.a(libc_a-reent.o) (_impure_ptr)
C:/ST/STM32CubeIDE_1.16.1/STM32CubeIDE/plugins/com.st.stm32cube.ide.mcu.externaltools.gnu-tools-for-stm32.12.3.rel1.win32_1.0.200.202406191623/tools/bin/../lib/gcc/arm-none-eabi/12.3.1/../../../../arm-none-eabi/lib/thumb/v8-m.main+fp/hard\libc_nano.a(libc_a-lseekr.o)
[...]
Memory Configuration

Name             Origin             Length             Attributes
RAM              0x20000000         0x000c0000         xrw
SRAM4            0x28000000         0x00004000         xrw
FLASH            0x08000000         0x00100000         xr
*default*        0x00000000         0xffffffff

Linker script and memory map

LOAD C:/ST/STM32CubeIDE_1.16.1/STM32CubeIDE/plugins/com.st.stm32cube.ide.mcu.externaltools.gnu-tools-for-stm32.12.3.rel1.win32_1.0.200.202406191623/tools/bin/../lib/gcc/arm-none-eabi/12.3.1/thumb/v8-m.main+fp/hard/crti.o
LOAD C:/ST/STM32CubeIDE_1.16.1/STM32CubeIDE/plugins/com.st.stm32cube.ide.mcu.externaltools.gnu-tools-for-stm32.12.3.rel1.win32_1.0.200.202406191623/tools/bin/../lib/gcc/arm-none-eabi/12.3.1/thumb/v8-m.main+fp/hard/crtbegin.o
LOAD C:/ST/STM32CubeIDE_1.16.1/STM32CubeIDE/plugins/com.st.stm32cube.ide.mcu.externaltools.gnu-tools-for-stm32.12.3.rel1.win32_1.0.200.202406191623/tools/bin/../lib/gcc/arm-none-eabi/12.3.1/../../../../arm-none-eabi/lib/thumb/v8-m.main+fp/hard/crt0.o
LOAD ./Core/Src/main.o
LOAD ./Core/Src/stm32u5xx_hal_msp.o
LOAD ./Core/Src/stm32u5xx_it.o
LOAD ./Core/Src/syscalls.o
LOAD ./Core/Src/sysmem.o
LOAD ./Core/Src/system_stm32u5xx.o
LOAD ./Core/Startup/startup_stm32u575vgtx.o
LOAD ./Drivers/STM32U5xx_HAL_Driver/Src/stm32u5xx_hal.o
LOAD ./Drivers/STM32U5xx_HAL_Driver/Src/stm32u5xx_hal_adc.o
LOAD ./Drivers/STM32U5xx_HAL_Driver/Src/stm32u5xx_hal_adc_ex.o
LOAD ./Drivers/STM32U5xx_HAL_Driver/Src/stm32u5xx_hal_cortex.o
LOAD ./Drivers/STM32U5xx_HAL_Driver/Src/stm32u5xx_hal_dma.o
LOAD ./Drivers/STM32U5xx_HAL_Driver/Src/stm32u5xx_hal_dma_ex.o
LOAD ./Drivers/STM32U5xx_HAL_Driver/Src/stm32u5xx_hal_exti.o
LOAD ./Drivers/STM32U5xx_HAL_Driver/Src/stm32u5xx_hal_flash.o
LOAD ./Drivers/STM32U5xx_HAL_Driver/Src/stm32u5xx_hal_flash_ex.o
LOAD ./Drivers/STM32U5xx_HAL_Driver/Src/stm32u5xx_hal_gpio.o
LOAD ./Drivers/STM32U5xx_HAL_Driver/Src/stm32u5xx_hal_gtzc.o
LOAD ./Drivers/STM32U5xx_HAL_Driver/Src/stm32u5xx_hal_i2c.o
LOAD ./Drivers/STM32U5xx_HAL_Driver/Src/stm32u5xx_hal_i2c_ex.o
LOAD ./Drivers/STM32U5xx_HAL_Driver/Src/stm32u5xx_hal_icache.o
LOAD ./Drivers/STM32U5xx_HAL_Driver/Src/stm32u5xx_hal_pcd.o
LOAD ./Drivers/STM32U5xx_HAL_Driver/Src/stm32u5xx_hal_pcd_ex.o
LOAD ./Drivers/STM32U5xx_HAL_Driver/Src/stm32u5xx_hal_pwr.o
LOAD ./Drivers/STM32U5xx_HAL_Driver/Src/stm32u5xx_hal_pwr_ex.o
LOAD ./Drivers/STM32U5xx_HAL_Driver/Src/stm32u5xx_hal_rcc.o
LOAD ./Drivers/STM32U5xx_HAL_Driver/Src/stm32u5xx_hal_rcc_ex.o
LOAD ./Drivers/STM32U5xx_HAL_Driver/Src/stm32u5xx_hal_sd.o
LOAD ./Drivers/STM32U5xx_HAL_Driver/Src/stm32u5xx_hal_sd_ex.o
LOAD ./Drivers/STM32U5xx_HAL_Driver/Src/stm32u5xx_hal_spi.o
LOAD ./Drivers/STM32U5xx_HAL_Driver/Src/stm32u5xx_hal_spi_ex.o
LOAD ./Drivers/STM32U5xx_HAL_Driver/Src/stm32u5xx_hal_tim.o
LOAD ./Drivers/STM32U5xx_HAL_Driver/Src/stm32u5xx_hal_tim_ex.o
LOAD ./Drivers/STM32U5xx_HAL_Driver/Src/stm32u5xx_hal_uart.o
LOAD ./Drivers/STM32U5xx_HAL_Driver/Src/stm32u5xx_hal_uart_ex.o
LOAD ./Drivers/STM32U5xx_HAL_Driver/Src/stm32u5xx_ll_dlyb.o
LOAD ./Drivers/STM32U5xx_HAL_Driver/Src/stm32u5xx_ll_sdmmc.o
LOAD ./Drivers/STM32U5xx_HAL_Driver/Src/stm32u5xx_ll_usb.o
START GROUP
LOAD C:/ST/STM32CubeIDE_1.16.1/STM32CubeIDE/plugins/com.st.stm32cube.ide.mcu.externaltools.gnu-tools-for-stm32.12.3.rel1.win32_1.0.200.202406191623/tools/bin/../lib/gcc/arm-none-eabi/12.3.1/../../../../arm-none-eabi/lib/thumb/v8-m.main+fp/hard\libstdc++_nano.a
LOAD C:/ST/STM32CubeIDE_1.16.1/STM32CubeIDE/plugins/com.st.stm32cube.ide.mcu.externaltools.gnu-tools-for-stm32.12.3.rel1.win32_1.0.200.202406191623/tools/bin/../lib/gcc/arm-none-eabi/12.3.1/../../../../arm-none-eabi/lib/thumb/v8-m.main+fp/hard\libsupc++_nano.a
END GROUP
LOAD C:/ST/STM32CubeIDE_1.16.1/STM32CubeIDE/plugins/com.st.stm32cube.ide.mcu.externaltools.gnu-tools-for-stm32.12.3.rel1.win32_1.0.200.202406191623/tools/bin/../lib/gcc/arm-none-eabi/12.3.1/../../../../arm-none-eabi/lib/thumb/v8-m.main+fp/hard\libstdc++_nano.a
LOAD C:/ST/STM32CubeIDE_1.16.1/STM32CubeIDE/plugins/com.st.stm32cube.ide.mcu.externaltools.gnu-tools-for-stm32.12.3.rel1.win32_1.0.200.202406191623/tools/bin/../lib/gcc/arm-none-eabi/12.3.1/../../../../arm-none-eabi/lib/thumb/v8-m.main+fp/hard\libm.a
LOAD C:/ST/STM32CubeIDE_1.16.1/STM32CubeIDE/plugins/com.st.stm32cube.ide.mcu.externaltools.gnu-tools-for-stm32.12.3.rel1.win32_1.0.200.202406191623/tools/bin/../lib/gcc/arm-none-eabi/12.3.1/../../../../arm-none-eabi/lib/thumb/v8-m.main+fp/hard\libc_nano.a
START GROUP
LOAD C:/ST/STM32CubeIDE_1.16.1/STM32CubeIDE/plugins/com.st.stm32cube.ide.mcu.externaltools.gnu-tools-for-stm32.12.3.rel1.win32_1.0.200.202406191623/tools/bin/../lib/gcc/arm-none-eabi/12.3.1/thumb/v8-m.main+fp/hard\libgcc.a
LOAD C:/ST/STM32CubeIDE_1.16.1/STM32CubeIDE/plugins/com.st.stm32cube.ide.mcu.externaltools.gnu-tools-for-stm32.12.3.rel1.win32_1.0.200.202406191623/tools/bin/../lib/gcc/arm-none-eabi/12.3.1/../../../../arm-none-eabi/lib/thumb/v8-m.main+fp/hard\libc_nano.a
END GROUP
START GROUP
LOAD C:/ST/STM32CubeIDE_1.16.1/STM32CubeIDE/plugins/com.st.stm32cube.ide.mcu.externaltools.gnu-tools-for-stm32.12.3.rel1.win32_1.0.200.202406191623/tools/bin/../lib/gcc/arm-none-eabi/12.3.1/thumb/v8-m.main+fp/hard\libgcc.a
LOAD C:/ST/STM32CubeIDE_1.16.1/STM32CubeIDE/plugins/com.st.stm32cube.ide.mcu.externaltools.gnu-tools-for-stm32.12.3.rel1.win32_1.0.200.202406191623/tools/bin/../lib/gcc/arm-none-eabi/12.3.1/../../../../arm-none-eabi/lib/thumb/v8-m.main+fp/hard\libc_nano.a
LOAD C:/ST/STM32CubeIDE_1.16.1/STM32CubeIDE/plugins/com.st.stm32cube.ide.mcu.externaltools.gnu-tools-for-stm32.12.3.rel1.win32_1.0.200.202406191623/tools/bin/../lib/gcc/arm-none-eabi/12.3.1/../../../../arm-none-eabi/lib/thumb/v8-m.main+fp/hard\libnosys.a
END GROUP
START GROUP
LOAD C:/ST/STM32CubeIDE_1.16.1/STM32CubeIDE/plugins/com.st.stm32cube.ide.mcu.externaltools.gnu-tools-for-stm32.12.3.rel1.win32_1.0.200.202406191623/tools/bin/../lib/gcc/arm-none-eabi/12.3.1/thumb/v8-m.main+fp/hard\libgcc.a
LOAD C:/ST/STM32CubeIDE_1.16.1/STM32CubeIDE/plugins/com.st.stm32cube.ide.mcu.externaltools.gnu-tools-for-stm32.12.3.rel1.win32_1.0.200.202406191623/tools/bin/../lib/gcc/arm-none-eabi/12.3.1/../../../../arm-none-eabi/lib/thumb/v8-m.main+fp/hard\libc_nano.a
LOAD C:/ST/STM32CubeIDE_1.16.1/STM32CubeIDE/plugins/com.st.stm32cube.ide.mcu.externaltools.gnu-tools-for-stm32.12.3.rel1.win32_1.0.200.202406191623/tools/bin/../lib/gcc/arm-none-eabi/12.3.1/../../../../arm-none-eabi/lib/thumb/v8-m.main+fp/hard\libnosys.a
END GROUP
LOAD C:/ST/STM32CubeIDE_1.16.1/STM32CubeIDE/plugins/com.st.stm32cube.ide.mcu.externaltools.gnu-tools-for-stm32.12.3.rel1.win32_1.0.200.202406191623/tools/bin/../lib/gcc/arm-none-eabi/12.3.1/thumb/v8-m.main+fp/hard/crtend.o
LOAD C:/ST/STM32CubeIDE_1.16.1/STM32CubeIDE/plugins/com.st.stm32cube.ide.mcu.externaltools.gnu-tools-for-stm32.12.3.rel1.win32_1.0.200.202406191623/tools/bin/../lib/gcc/arm-none-eabi/12.3.1/thumb/v8-m.main+fp/hard/crtn.o
                0x200c0000                        _estack = (ORIGIN (RAM) + LENGTH (RAM))
                0x00000200                        _Min_Heap_Size = 0x200
                0x00000400                        _Min_Stack_Size = 0x400

.isr_vector     0x08000000      0x238
 *(.isr_vector)
 .isr_vector    0x08000000      0x238 ./Core/Startup/startup_stm32u575vgtx.o
                0x08000000                g_pfnVectors

.text           0x08000238     0x9868
 *(.text)
 .text          0x08000238       0x40 C:/ST/STM32CubeIDE_1.16.1/STM32CubeIDE/plugins/com.st.stm32cube.ide.mcu.externaltools.gnu-tools-for-stm32.12.3.rel1.win32_1.0.200.202406191623/tools/bin/../lib/gcc/arm-none-eabi/12.3.1/thumb/v8-m.main+fp/hard/crtbegin.o
 .text          0x08000278       0x30 C:/ST/STM32CubeIDE_1.16.1/STM32CubeIDE/plugins/com.st.stm32cube.ide.mcu.externaltools.gnu-tools-for-stm32.12.3.rel1.win32_1.0.200.202406191623/tools/bin/../lib/gcc/arm-none-eabi/12.3.1/thumb/v8-m.main+fp/hard\libgcc.a(_aeabi_uldivmod.o)
                0x08000278                __aeabi_uldivmod
 .text          0x080002a8      0x2e4 C:/ST/STM32CubeIDE_1.16.1/STM32CubeIDE/plugins/com.st.stm32cube.ide.mcu.externaltools.gnu-tools-for-stm32.12.3.rel1.win32_1.0.200.202406191623/tools/bin/../lib/gcc/arm-none-eabi/12.3.1/thumb/v8-m.main+fp/hard\libgcc.a(_udivmoddi4.o)
                0x080002a8                __udivmoddi4
 .text          0x0800058c        0x4 C:/ST/STM32CubeIDE_1.16.1/STM32CubeIDE/plugins/com.st.stm32cube.ide.mcu.externaltools.gnu-tools-for-stm32.12.3.rel1.win32_1.0.200.202406191623/tools/bin/../lib/gcc/arm-none-eabi/12.3.1/thumb/v8-m.main+fp/hard\libgcc.a(_dvmd_tls.o)
                0x0800058c                __aeabi_idiv0
                0x0800058c                __aeabi_ldiv0
 *(.text*)
 .text.main     0x08000590       0x40 ./Core/Src/main.o
                0x08000590                main
 .text.SystemClock_Config
                0x080005d0       0xc8 ./Core/Src/main.o
                0x080005d0                SystemClock_Config
 .text.MX_ADC1_Init
                0x08000698       0x88 ./Core/Src/main.o
 .text.MX_I2C1_Init
                0x08000720       0x7c ./Core/Src/main.o
 .text.MX_I2C4_Init
                0x0800079c       0x7c ./Core/Src/main.o
 .text.MX_SDMMC1_SD_Init
                0x08000818       0x48 ./Core/Src/main.o
 .text.MX_SPI1_Init
                0x08000860       0xdc ./Core/Src/main.o
 .text.MX_SPI2_Init
                0x0800093c       0xdc ./Core/Src/main.o
 .text.MX_UART4_Init
                0x08000a18       0x98 ./Core/Src/main.o
 .text.MX_USART1_UART_Init
                0x08000ab0       0x98 ./Core/Src/main.o
 .text.MX_USART2_UART_Init
                0x08000b48       0x98 ./Core/Src/main.o
 .text.MX_USART3_UART_Init
                0x08000be0       0x98 ./Core/Src/main.o
 .text.MX_USB_OTG_FS_PCD_Init
                0x08000c78       0x64 ./Core/Src/main.o
 .text.MX_GPIO_Init
                0x08000cdc      0x164 ./Core/Src/main.o
 .text.Error_Handler
                0x08000e40        0xc ./Core/Src/main.o
                0x08000e40                Error_Handler
 .text.HAL_MspInit
                0x08000e4c       0x34 ./Core/Src/stm32u5xx_hal_msp.o
                0x08000e4c                HAL_MspInit
 .text.HAL_ADC_MspInit
                0x08000e80       0xc8 ./Core/Src/stm32u5xx_hal_msp.o
                0x08000e80                HAL_ADC_MspInit
 .text.HAL_I2C_MspInit
                0x08000f48      0x174 ./Core/Src/stm32u5xx_hal_msp.o
                0x08000f48                HAL_I2C_MspInit
 .text.HAL_SD_MspInit
                0x080010bc      0x120 ./Core/Src/stm32u5xx_hal_msp.o
                0x080010bc                HAL_SD_MspInit
 .text.HAL_SPI_MspInit
                0x080011dc      0x178 ./Core/Src/stm32u5xx_hal_msp.o
                0x080011dc                HAL_SPI_MspInit
 .text.HAL_UART_MspInit
                0x08001354      0x2ac ./Core/Src/stm32u5xx_hal_msp.o
                0x08001354                HAL_UART_MspInit
 .text.HAL_PCD_MspInit
                0x08001600      0x118 ./Core/Src/stm32u5xx_hal_msp.o
                0x08001600                HAL_PCD_MspInit
 .text.NMI_Handler
                0x08001718        0x8 ./Core/Src/stm32u5xx_it.o
                0x08001718                NMI_Handler
 .text.HardFault_Handler
                0x08001720        0x8 ./Core/Src/stm32u5xx_it.o
                0x08001720                HardFault_Handler
 .text.MemManage_Handler
                0x08001728        0x8 ./Core/Src/stm32u5xx_it.o
                0x08001728                MemManage_Handler
 .text.BusFault_Handler
                0x08001730        0x8 ./Core/Src/stm32u5xx_it.o
                0x08001730                BusFault_Handler
 .text.UsageFault_Handler
                0x08001738        0x8 ./Core/Src/stm32u5xx_it.o
                0x08001738                UsageFault_Handler
 .text.SVC_Handler
                0x08001740        0xe ./Core/Src/stm32u5xx_it.o
                0x08001740                SVC_Handler
 .text.DebugMon_Handler
                0x0800174e        0xe ./Core/Src/stm32u5xx_it.o
                0x0800174e                DebugMon_Handler
 .text.PendSV_Handler
                0x0800175c        0xe ./Core/Src/stm32u5xx_it.o
                0x0800175c                PendSV_Handler
 .text.SysTick_Handler
                0x0800176a        0xc ./Core/Src/stm32u5xx_it.o
                0x0800176a                SysTick_Handler
 *fill*         0x08001776        0x2 
 .text.SystemInit
                0x08001778       0x70 ./Core/Src/system_stm32u5xx.o
                0x08001778                SystemInit
 .text.Reset_Handler
                0x080017e8       0x50 ./Core/Startup/startup_stm32u575vgtx.o
                0x080017e8                Reset_Handler
 .text.Default_Handler
                0x08001838        0x2 ./Core/Startup/startup_stm32u575vgtx.o
                0x08001838                EXTI2_IRQHandler
                0x08001838                TIM8_TRG_COM_IRQHandler
                0x08001838                TIM8_CC_IRQHandler
                0x08001838                EXTI5_IRQHandler
                0x08001838                FLASH_S_IRQHandler
                0x08001838                EXTI13_IRQHandler
                0x08001838                TIM1_CC_IRQHandler
                0x08001838                TSC_IRQHandler
                0x08001838                TAMP_IRQHandler
                0x08001838                TIM6_IRQHandler
                0x08001838                EXTI12_IRQHandler
                0x08001838                CORDIC_IRQHandler
                0x08001838                EXTI3_IRQHandler
                0x08001838                LPTIM4_IRQHandler
                0x08001838                GPDMA1_Channel5_IRQHandler
                0x08001838                EXTI8_IRQHandler
                0x08001838                LPTIM2_IRQHandler
                0x08001838                I2C3_ER_IRQHandler
                0x08001838                PWR_S3WU_IRQHandler
                0x08001838                MDF1_FLT2_IRQHandler
                0x08001838                LPDMA1_Channel3_IRQHandler
                0x08001838                LPTIM3_IRQHandler
                0x08001838                EXTI0_IRQHandler
                0x08001838                I2C2_EV_IRQHandler
                0x08001838                FPU_IRQHandler
                0x08001838                GPDMA1_Channel3_IRQHandler
                0x08001838                GPDMA1_Channel7_IRQHandler
                0x08001838                MDF1_FLT4_IRQHandler
                0x08001838                FDCAN1_IT1_IRQHandler
                0x08001838                RAMCFG_IRQHandler
                0x08001838                GPDMA1_Channel9_IRQHandler
                0x08001838                DCACHE1_IRQHandler
                0x08001838                SPI1_IRQHandler
                0x08001838                OCTOSPI1_IRQHandler
                0x08001838                GPDMA1_Channel2_IRQHandler
                0x08001838                TIM8_UP_IRQHandler
                0x08001838                RCC_S_IRQHandler
                0x08001838                OCTOSPI2_IRQHandler
                0x08001838                SAI2_IRQHandler
                0x08001838                MDF1_FLT1_IRQHandler
                0x08001838                ADC1_IRQHandler
                0x08001838                MDF1_FLT5_IRQHandler
                0x08001838                EXTI15_IRQHandler
                0x08001838                TIM17_IRQHandler
                0x08001838                USART3_IRQHandler
                0x08001838                RTC_IRQHandler
                0x08001838                EXTI9_IRQHandler
                0x08001838                UART5_IRQHandler
                0x08001838                TIM4_IRQHandler
                0x08001838                I2C1_EV_IRQHandler
                0x08001838                GPDMA1_Channel12_IRQHandler
                0x08001838                GPDMA1_Channel1_IRQHandler
                0x08001838                TIM16_IRQHandler
                0x08001838                GPDMA1_Channel15_IRQHandler
                0x08001838                UART4_IRQHandler
                0x08001838                SecureFault_Handler
                0x08001838                TIM3_IRQHandler
                0x08001838                RCC_IRQHandler
                0x08001838                TIM1_TRG_COM_IRQHandler
                0x08001838                Default_Handler
                0x08001838                GPDMA1_Channel8_IRQHandler
                0x08001838                FMAC_IRQHandler
                0x08001838                GPDMA1_Channel11_IRQHandler
                0x08001838                TIM7_IRQHandler
                0x08001838                SDMMC1_IRQHandler
                0x08001838                TIM5_IRQHandler
                0x08001838                UCPD1_IRQHandler
                0x08001838                GPDMA1_Channel0_IRQHandler
                0x08001838                TIM15_IRQHandler
                0x08001838                I2C3_EV_IRQHandler
                0x08001838                LPDMA1_Channel0_IRQHandler
                0x08001838                PVD_PVM_IRQHandler
                0x08001838                SPI2_IRQHandler
                0x08001838                LPDMA1_Channel1_IRQHandler
                0x08001838                EXTI14_IRQHandler
                0x08001838                EXTI11_IRQHandler
                0x08001838                CRS_IRQHandler
                0x08001838                GPDMA1_Channel14_IRQHandler
                0x08001838                LSECSSD_IRQHandler
                0x08001838                EXTI4_IRQHandler
                0x08001838                RTC_S_IRQHandler
                0x08001838                GPDMA1_Channel13_IRQHandler
                0x08001838                RNG_IRQHandler
                0x08001838                COMP_IRQHandler
                0x08001838                TIM1_UP_IRQHandler
                0x08001838                ADC4_IRQHandler
                0x08001838                WWDG_IRQHandler
                0x08001838                I2C4_EV_IRQHandler
                0x08001838                ADF1_IRQHandler
                0x08001838                IWDG_IRQHandler
                0x08001838                LPUART1_IRQHandler
                0x08001838                MDF1_FLT0_IRQHandler
                0x08001838                FDCAN1_IT0_IRQHandler
                0x08001838                TIM2_IRQHandler
                0x08001838                GPDMA1_Channel4_IRQHandler
                0x08001838                EXTI7_IRQHandler
                0x08001838                DMA2D_IRQHandler
                0x08001838                TIM1_BRK_IRQHandler
                0x08001838                EXTI1_IRQHandler
                0x08001838                SDMMC2_IRQHandler
                0x08001838                DAC1_IRQHandler
                0x08001838                GTZC_IRQHandler
                0x08001838                MDF1_FLT3_IRQHandler
                0x08001838                USART2_IRQHandler
                0x08001838                GPDMA1_Channel6_IRQHandler
                0x08001838                I2C2_ER_IRQHandler
                0x08001838                TIM8_BRK_IRQHandler
                0x08001838                FLASH_IRQHandler
                0x08001838                USART1_IRQHandler
                0x08001838                EXTI10_IRQHandler
                0x08001838                OTG_FS_IRQHandler
                0x08001838                SPI3_IRQHandler
                0x08001838                LPDMA1_Channel2_IRQHandler
                0x08001838                I2C1_ER_IRQHandler
                0x08001838                FMC_IRQHandler
                0x08001838                EXTI6_IRQHandler
                0x08001838                LPTIM1_IRQHandler
                0x08001838                DCMI_PSSI_IRQHandler
                0x08001838                I2C4_ER_IRQHandler
                0x08001838                GPDMA1_Channel10_IRQHandler
                0x08001838                ICACHE_IRQHandler
                0x08001838                SAI1_IRQHandler
                0x08001838                HASH_IRQHandler
 *fill*         0x0800183a        0x2 
 .text.HAL_Init
                0x0800183c       0x60 ./Drivers/STM32U5xx_HAL_Driver/Src/stm32u5xx_hal.o
                0x0800183c                HAL_Init
 .text.HAL_InitTick
                0x0800189c       0xec ./Drivers/STM32U5xx_HAL_Driver/Src/stm32u5xx_hal.o
                0x0800189c                HAL_InitTick
 .text.HAL_IncTick
                0x08001988       0x28 ./Drivers/STM32U5xx_HAL_Driver/Src/stm32u5xx_hal.o
                0x08001988                HAL_IncTick
 .text.HAL_GetTick
                0x080019b0       0x18 ./Drivers/STM32U5xx_HAL_Driver/Src/stm32u5xx_hal.o
                0x080019b0                HAL_GetTick
 .text.HAL_Delay
                0x080019c8       0x48 ./Drivers/STM32U5xx_HAL_Driver/Src/stm32u5xx_hal.o
                0x080019c8                HAL_Delay
 .text.LL_ADC_SetCommonClock
                0x08001a10       0x26 ./Drivers/STM32U5xx_HAL_Driver/Src/stm32u5xx_hal_adc.o
 *fill*         0x08001a36        0x2 
 .text.LL_ADC_SetResolution
                0x08001a38       0x40 ./Drivers/STM32U5xx_HAL_Driver/Src/stm32u5xx_hal_adc.o
 .text.LL_ADC_SetGainCompensation
                0x08001a78       0x46 ./Drivers/STM32U5xx_HAL_Driver/Src/stm32u5xx_hal_adc.o
 .text.LL_ADC_SetSamplingTimeCommonChannels
                0x08001abe       0x3e ./Drivers/STM32U5xx_HAL_Driver/Src/stm32u5xx_hal_adc.o
 .text.LL_ADC_DisableDeepPowerDown
                0x08001afc       0x24 ./Drivers/STM32U5xx_HAL_Driver/Src/stm32u5xx_hal_adc.o
 .text.LL_ADC_IsDeepPowerDownEnabled
                0x08001b20       0x28 ./Drivers/STM32U5xx_HAL_Driver/Src/stm32u5xx_hal_adc.o
 .text.LL_ADC_EnableInternalRegulator
                0x08001b48       0x28 ./Drivers/STM32U5xx_HAL_Driver/Src/stm32u5xx_hal_adc.o
 .text.LL_ADC_IsInternalRegulatorEnabled
                0x08001b70       0x28 ./Drivers/STM32U5xx_HAL_Driver/Src/stm32u5xx_hal_adc.o
 .text.LL_ADC_IsEnabled
                0x08001b98       0x26 ./Drivers/STM32U5xx_HAL_Driver/Src/stm32u5xx_hal_adc.o
 .text.LL_ADC_REG_IsConversionOngoing
                0x08001bbe       0x26 ./Drivers/STM32U5xx_HAL_Driver/Src/stm32u5xx_hal_adc.o
 .text.LL_ADC_INJ_IsConversionOngoing
                0x08001be4       0x26 ./Drivers/STM32U5xx_HAL_Driver/Src/stm32u5xx_hal_adc.o
 *fill*         0x08001c0a        0x2 
 .text.HAL_ADC_Init
                0x08001c0c      0x594 ./Drivers/STM32U5xx_HAL_Driver/Src/stm32u5xx_hal_adc.o
                0x08001c0c                HAL_ADC_Init
 .text.__NVIC_SetPriorityGrouping
                0x080021a0       0x48 ./Drivers/STM32U5xx_HAL_Driver/Src/stm32u5xx_hal_cortex.o
 .text.__NVIC_GetPriorityGrouping
                0x080021e8       0x1c ./Drivers/STM32U5xx_HAL_Driver/Src/stm32u5xx_hal_cortex.o
 .text.__NVIC_SetPriority
                0x08002204       0x54 ./Drivers/STM32U5xx_HAL_Driver/Src/stm32u5xx_hal_cortex.o
 .text.NVIC_EncodePriority
                0x08002258       0x66 ./Drivers/STM32U5xx_HAL_Driver/Src/stm32u5xx_hal_cortex.o
 .text.HAL_NVIC_SetPriorityGrouping
                0x080022be       0x16 ./Drivers/STM32U5xx_HAL_Driver/Src/stm32u5xx_hal_cortex.o
                0x080022be                HAL_NVIC_SetPriorityGrouping
 .text.HAL_NVIC_SetPriority
                0x080022d4       0x34 ./Drivers/STM32U5xx_HAL_Driver/Src/stm32u5xx_hal_cortex.o
                0x080022d4                HAL_NVIC_SetPriority
 .text.HAL_SYSTICK_Config
                0x08002308       0x44 ./Drivers/STM32U5xx_HAL_Driver/Src/stm32u5xx_hal_cortex.o
                0x08002308                HAL_SYSTICK_Config
 .text.HAL_SYSTICK_CLKSourceConfig
                0x0800234c       0xb0 ./Drivers/STM32U5xx_HAL_Driver/Src/stm32u5xx_hal_cortex.o
                0x0800234c                HAL_SYSTICK_CLKSourceConfig
 .text.HAL_SYSTICK_GetCLKSourceConfig
                0x080023fc       0x74 ./Drivers/STM32U5xx_HAL_Driver/Src/stm32u5xx_hal_cortex.o
                0x080023fc                HAL_SYSTICK_GetCLKSourceConfig
 .text.HAL_GPIO_Init
                0x08002470      0x3b0 ./Drivers/STM32U5xx_HAL_Driver/Src/stm32u5xx_hal_gpio.o
                0x08002470                HAL_GPIO_Init
 .text.HAL_GPIO_WritePin
                0x08002820       0x30 ./Drivers/STM32U5xx_HAL_Driver/Src/stm32u5xx_hal_gpio.o
                0x08002820                HAL_GPIO_WritePin
 .text.HAL_I2C_Init
                0x08002850      0x136 ./Drivers/STM32U5xx_HAL_Driver/Src/stm32u5xx_hal_i2c.o
                0x08002850                HAL_I2C_Init
 .text.HAL_I2CEx_ConfigAnalogFilter
                0x08002986       0x96 ./Drivers/STM32U5xx_HAL_Driver/Src/stm32u5xx_hal_i2c_ex.o
                0x08002986                HAL_I2CEx_ConfigAnalogFilter
 .text.HAL_I2CEx_ConfigDigitalFilter
                0x08002a1c       0x98 ./Drivers/STM32U5xx_HAL_Driver/Src/stm32u5xx_hal_i2c_ex.o
                0x08002a1c                HAL_I2CEx_ConfigDigitalFilter
 .text.HAL_PCD_Init
                0x08002ab4      0x230 ./Drivers/STM32U5xx_HAL_Driver/Src/stm32u5xx_hal_pcd.o
                0x08002ab4                HAL_PCD_Init
 .text.HAL_PCDEx_ActivateLPM
                0x08002ce4       0x48 ./Drivers/STM32U5xx_HAL_Driver/Src/stm32u5xx_hal_pcd_ex.o
                0x08002ce4                HAL_PCDEx_ActivateLPM
 .text.HAL_PWREx_ControlVoltageScaling
                0x08002d2c       0xfc ./Drivers/STM32U5xx_HAL_Driver/Src/stm32u5xx_hal_pwr_ex.o
                0x08002d2c                HAL_PWREx_ControlVoltageScaling
 .text.HAL_PWREx_GetVoltageRange
                0x08002e28       0x1c ./Drivers/STM32U5xx_HAL_Driver/Src/stm32u5xx_hal_pwr_ex.o
                0x08002e28                HAL_PWREx_GetVoltageRange
 .text.HAL_PWREx_EnableVddUSB
                0x08002e44       0x20 ./Drivers/STM32U5xx_HAL_Driver/Src/stm32u5xx_hal_pwr_ex.o
                0x08002e44                HAL_PWREx_EnableVddUSB
 .text.HAL_PWREx_EnableVddA
                0x08002e64       0x20 ./Drivers/STM32U5xx_HAL_Driver/Src/stm32u5xx_hal_pwr_ex.o
                0x08002e64                HAL_PWREx_EnableVddA
 .text.HAL_RCC_OscConfig
                0x08002e84      0xdb8 ./Drivers/STM32U5xx_HAL_Driver/Src/stm32u5xx_hal_rcc.o
                0x08002e84                HAL_RCC_OscConfig
 .text.HAL_RCC_ClockConfig
                0x08003c3c      0x3e4 ./Drivers/STM32U5xx_HAL_Driver/Src/stm32u5xx_hal_rcc.o
                0x08003c3c                HAL_RCC_ClockConfig
 .text.HAL_RCC_GetSysClockFreq
                0x08004020      0x204 ./Drivers/STM32U5xx_HAL_Driver/Src/stm32u5xx_hal_rcc.o
                0x08004020                HAL_RCC_GetSysClockFreq
 .text.HAL_RCC_GetHCLKFreq
                0x08004224       0x34 ./Drivers/STM32U5xx_HAL_Driver/Src/stm32u5xx_hal_rcc.o
                0x08004224                HAL_RCC_GetHCLKFreq
 .text.HAL_RCC_GetPCLK1Freq
                0x08004258       0x28 ./Drivers/STM32U5xx_HAL_Driver/Src/stm32u5xx_hal_rcc.o
                0x08004258                HAL_RCC_GetPCLK1Freq
 .text.HAL_RCC_GetPCLK2Freq
                0x08004280       0x28 ./Drivers/STM32U5xx_HAL_Driver/Src/stm32u5xx_hal_rcc.o
                0x08004280                HAL_RCC_GetPCLK2Freq
 .text.HAL_RCC_GetPCLK3Freq
                0x080042a8       0x28 ./Drivers/STM32U5xx_HAL_Driver/Src/stm32u5xx_hal_rcc.o
                0x080042a8                HAL_RCC_GetPCLK3Freq
 .text.RCC_SetFlashLatencyFromMSIRange
                0x080042d0      0x10c ./Drivers/STM32U5xx_HAL_Driver/Src/stm32u5xx_hal_rcc.o
 .text.HAL_RCCEx_PeriphCLKConfig
                0x080043dc      0xb48 ./Drivers/STM32U5xx_HAL_Driver/Src/stm32u5xx_hal_rcc_ex.o
                0x080043dc                HAL_RCCEx_PeriphCLKConfig
 .text.HAL_RCCEx_GetPLL1ClockFreq
                0x08004f24      0x2b4 ./Drivers/STM32U5xx_HAL_Driver/Src/stm32u5xx_hal_rcc_ex.o
                0x08004f24                HAL_RCCEx_GetPLL1ClockFreq
 .text.HAL_RCCEx_GetPLL2ClockFreq
                0x080051d8      0x2b4 ./Drivers/STM32U5xx_HAL_Driver/Src/stm32u5xx_hal_rcc_ex.o
                0x080051d8                HAL_RCCEx_GetPLL2ClockFreq
 .text.HAL_RCCEx_GetPLL3ClockFreq
                0x0800548c      0x2b4 ./Drivers/STM32U5xx_HAL_Driver/Src/stm32u5xx_hal_rcc_ex.o
                0x0800548c                HAL_RCCEx_GetPLL3ClockFreq
 .text.HAL_RCCEx_GetPeriphCLKFreq
                0x08005740     0x136c ./Drivers/STM32U5xx_HAL_Driver/Src/stm32u5xx_hal_rcc_ex.o
                0x08005740                HAL_RCCEx_GetPeriphCLKFreq
 .text.RCCEx_PLL2_Config
                0x08006aac      0x130 ./Drivers/STM32U5xx_HAL_Driver/Src/stm32u5xx_hal_rcc_ex.o
 .text.RCCEx_PLL3_Config
                0x08006bdc      0x130 ./Drivers/STM32U5xx_HAL_Driver/Src/stm32u5xx_hal_rcc_ex.o
 .text.HAL_SD_Init
                0x08006d0c      0x106 ./Drivers/STM32U5xx_HAL_Driver/Src/stm32u5xx_hal_sd.o
                0x08006d0c                HAL_SD_Init
 *fill*         0x08006e12        0x2 
 .text.HAL_SD_InitCard
                0x08006e14      0x138 ./Drivers/STM32U5xx_HAL_Driver/Src/stm32u5xx_hal_sd.o
                0x08006e14                HAL_SD_InitCard
 .text.HAL_SD_GetCardCSD
                0x08006f4c      0x348 ./Drivers/STM32U5xx_HAL_Driver/Src/stm32u5xx_hal_sd.o
                0x08006f4c                HAL_SD_GetCardCSD
 .text.HAL_SD_GetCardStatus
                0x08007294      0x17c ./Drivers/STM32U5xx_HAL_Driver/Src/stm32u5xx_hal_sd.o
                0x08007294                HAL_SD_GetCardStatus
 .text.HAL_SD_ConfigWideBusOperation
                0x08007410      0x224 ./Drivers/STM32U5xx_HAL_Driver/Src/stm32u5xx_hal_sd.o
                0x08007410                HAL_SD_ConfigWideBusOperation
 .text.HAL_SD_GetCardState
                0x08007634       0x40 ./Drivers/STM32U5xx_HAL_Driver/Src/stm32u5xx_hal_sd.o
                0x08007634                HAL_SD_GetCardState
 .text.SD_InitCard
                0x08007674      0x19c ./Drivers/STM32U5xx_HAL_Driver/Src/stm32u5xx_hal_sd.o
 .text.SD_PowerON
                0x08007810      0x11c ./Drivers/STM32U5xx_HAL_Driver/Src/stm32u5xx_hal_sd.o
 .text.SD_SendSDStatus
                0x0800792c      0x1a0 ./Drivers/STM32U5xx_HAL_Driver/Src/stm32u5xx_hal_sd.o
 .text.SD_SendStatus
                0x08007acc       0x50 ./Drivers/STM32U5xx_HAL_Driver/Src/stm32u5xx_hal_sd.o
 .text.SD_WideBus_Enable
                0x08007b1c       0x96 ./Drivers/STM32U5xx_HAL_Driver/Src/stm32u5xx_hal_sd.o
 .text.SD_WideBus_Disable
                0x08007bb2       0x96 ./Drivers/STM32U5xx_HAL_Driver/Src/stm32u5xx_hal_sd.o
 .text.SD_FindSCR
                0x08007c48      0x1a0 ./Drivers/STM32U5xx_HAL_Driver/Src/stm32u5xx_hal_sd.o
 .text.HAL_SPI_Init
                0x08007de8      0x22c ./Drivers/STM32U5xx_HAL_Driver/Src/stm32u5xx_hal_spi.o
                0x08007de8                HAL_SPI_Init
 .text.SPI_GetPacketSize
                0x08008014       0x36 ./Drivers/STM32U5xx_HAL_Driver/Src/stm32u5xx_hal_spi.o
 .text.HAL_SPIEx_SetConfigAutonomousMode
                0x0800804a       0x82 ./Drivers/STM32U5xx_HAL_Driver/Src/stm32u5xx_hal_spi_ex.o
                0x0800804a                HAL_SPIEx_SetConfigAutonomousMode
 .text.HAL_UART_Init
                0x080080cc       0xa0 ./Drivers/STM32U5xx_HAL_Driver/Src/stm32u5xx_hal_uart.o
                0x080080cc                HAL_UART_Init
 .text.UART_SetConfig
                0x0800816c      0x344 ./Drivers/STM32U5xx_HAL_Driver/Src/stm32u5xx_hal_uart.o
                0x0800816c                UART_SetConfig
 .text.UART_AdvFeatureConfig
                0x080084b0      0x144 ./Drivers/STM32U5xx_HAL_Driver/Src/stm32u5xx_hal_uart.o
                0x080084b0                UART_AdvFeatureConfig
 .text.UART_CheckIdleState
                0x080085f4      0x154 ./Drivers/STM32U5xx_HAL_Driver/Src/stm32u5xx_hal_uart.o
                0x080085f4                UART_CheckIdleState
 .text.UART_WaitOnFlagUntilTimeout
                0x08008748       0xda ./Drivers/STM32U5xx_HAL_Driver/Src/stm32u5xx_hal_uart.o
                0x08008748                UART_WaitOnFlagUntilTimeout
 .text.UART_EndRxTransfer
                0x08008822       0xcc ./Drivers/STM32U5xx_HAL_Driver/Src/stm32u5xx_hal_uart.o
 .text.HAL_UARTEx_DisableFifoMode
                0x080088ee       0x72 ./Drivers/STM32U5xx_HAL_Driver/Src/stm32u5xx_hal_uart_ex.o
                0x080088ee                HAL_UARTEx_DisableFifoMode
 .text.HAL_UARTEx_SetTxFifoThreshold
                0x08008960       0x7c ./Drivers/STM32U5xx_HAL_Driver/Src/stm32u5xx_hal_uart_ex.o
                0x08008960                HAL_UARTEx_SetTxFifoThreshold
 .text.HAL_UARTEx_SetRxFifoThreshold
                0x080089dc       0x7c ./Drivers/STM32U5xx_HAL_Driver/Src/stm32u5xx_hal_uart_ex.o
                0x080089dc                HAL_UARTEx_SetRxFifoThreshold
 .text.UARTEx_SetNbDataToProcess
                0x08008a58       0x9c ./Drivers/STM32U5xx_HAL_Driver/Src/stm32u5xx_hal_uart_ex.o
 .text.SDMMC_Init
                0x08008af4       0x54 ./Drivers/STM32U5xx_HAL_Driver/Src/stm32u5xx_ll_sdmmc.o
                0x08008af4                SDMMC_Init
 .text.SDMMC_ReadFIFO
                0x08008b48       0x1a ./Drivers/STM32U5xx_HAL_Driver/Src/stm32u5xx_ll_sdmmc.o
                0x08008b48                SDMMC_ReadFIFO
 .text.SDMMC_PowerState_ON
                0x08008b62       0x22 ./Drivers/STM32U5xx_HAL_Driver/Src/stm32u5xx_ll_sdmmc.o
                0x08008b62                SDMMC_PowerState_ON
 .text.SDMMC_GetPowerState
                0x08008b84       0x1c ./Drivers/STM32U5xx_HAL_Driver/Src/stm32u5xx_ll_sdmmc.o
                0x08008b84                SDMMC_GetPowerState
 .text.SDMMC_SendCommand
                0x08008ba0       0x54 ./Drivers/STM32U5xx_HAL_Driver/Src/stm32u5xx_ll_sdmmc.o
                0x08008ba0                SDMMC_SendCommand
 .text.SDMMC_GetCommandResponse
                0x08008bf4       0x1a ./Drivers/STM32U5xx_HAL_Driver/Src/stm32u5xx_ll_sdmmc.o
                0x08008bf4                SDMMC_GetCommandResponse
 .text.SDMMC_GetResponse
                0x08008c0e       0x26 ./Drivers/STM32U5xx_HAL_Driver/Src/stm32u5xx_ll_sdmmc.o
                0x08008c0e                SDMMC_GetResponse
 .text.SDMMC_ConfigData
                0x08008c34       0x58 ./Drivers/STM32U5xx_HAL_Driver/Src/stm32u5xx_ll_sdmmc.o
                0x08008c34                SDMMC_ConfigData
 .text.SDMMC_CmdBlockLength
                0x08008c8c       0x46 ./Drivers/STM32U5xx_HAL_Driver/Src/stm32u5xx_ll_sdmmc.o
                0x08008c8c                SDMMC_CmdBlockLength
 .text.SDMMC_CmdSelDesel
                0x08008cd2       0x46 ./Drivers/STM32U5xx_HAL_Driver/Src/stm32u5xx_ll_sdmmc.o
                0x08008cd2                SDMMC_CmdSelDesel
 .text.SDMMC_CmdGoIdleState
                0x08008d18       0x3c ./Drivers/STM32U5xx_HAL_Driver/Src/stm32u5xx_ll_sdmmc.o
                0x08008d18                SDMMC_CmdGoIdleState
 .text.SDMMC_CmdOperCond
                0x08008d54       0x40 ./Drivers/STM32U5xx_HAL_Driver/Src/stm32u5xx_ll_sdmmc.o
                0x08008d54                SDMMC_CmdOperCond
 .text.SDMMC_CmdAppCommand
                0x08008d94       0x46 ./Drivers/STM32U5xx_HAL_Driver/Src/stm32u5xx_ll_sdmmc.o
                0x08008d94                SDMMC_CmdAppCommand
 .text.SDMMC_CmdAppOperCommand
                0x08008dda       0x40 ./Drivers/STM32U5xx_HAL_Driver/Src/stm32u5xx_ll_sdmmc.o
                0x08008dda                SDMMC_CmdAppOperCommand
 .text.SDMMC_CmdBusWidth
                0x08008e1a       0x46 ./Drivers/STM32U5xx_HAL_Driver/Src/stm32u5xx_ll_sdmmc.o
                0x08008e1a                SDMMC_CmdBusWidth
 .text.SDMMC_CmdSendSCR
                0x08008e60       0x44 ./Drivers/STM32U5xx_HAL_Driver/Src/stm32u5xx_ll_sdmmc.o
                0x08008e60                SDMMC_CmdSendSCR
 .text.SDMMC_CmdSendCID
                0x08008ea4       0x3e ./Drivers/STM32U5xx_HAL_Driver/Src/stm32u5xx_ll_sdmmc.o
                0x08008ea4                SDMMC_CmdSendCID
 .text.SDMMC_CmdSendCSD
                0x08008ee2       0x40 ./Drivers/STM32U5xx_HAL_Driver/Src/stm32u5xx_ll_sdmmc.o
                0x08008ee2                SDMMC_CmdSendCSD
 .text.SDMMC_CmdSetRelAdd
                0x08008f22       0x44 ./Drivers/STM32U5xx_HAL_Driver/Src/stm32u5xx_ll_sdmmc.o
                0x08008f22                SDMMC_CmdSetRelAdd
 .text.SDMMC_CmdSendStatus
                0x08008f66       0x46 ./Drivers/STM32U5xx_HAL_Driver/Src/stm32u5xx_ll_sdmmc.o
                0x08008f66                SDMMC_CmdSendStatus
 .text.SDMMC_CmdStatusRegister
                0x08008fac       0x44 ./Drivers/STM32U5xx_HAL_Driver/Src/stm32u5xx_ll_sdmmc.o
                0x08008fac                SDMMC_CmdStatusRegister
 .text.SDMMC_GetCmdResp1
                0x08008ff0      0x1e4 ./Drivers/STM32U5xx_HAL_Driver/Src/stm32u5xx_ll_sdmmc.o
                0x08008ff0                SDMMC_GetCmdResp1
 .text.SDMMC_GetCmdResp2
                0x080091d4       0x94 ./Drivers/STM32U5xx_HAL_Driver/Src/stm32u5xx_ll_sdmmc.o
                0x080091d4                SDMMC_GetCmdResp2
 .text.SDMMC_GetCmdResp3
                0x08009268       0x80 ./Drivers/STM32U5xx_HAL_Driver/Src/stm32u5xx_ll_sdmmc.o
                0x08009268                SDMMC_GetCmdResp3
 .text.SDMMC_GetCmdResp6
                0x080092e8       0xf0 ./Drivers/STM32U5xx_HAL_Driver/Src/stm32u5xx_ll_sdmmc.o
                0x080092e8                SDMMC_GetCmdResp6
 .text.SDMMC_GetCmdResp7
                0x080093d8       0x9c ./Drivers/STM32U5xx_HAL_Driver/Src/stm32u5xx_ll_sdmmc.o
                0x080093d8                SDMMC_GetCmdResp7
 .text.SDMMC_GetCmdError
                0x08009474       0x5c ./Drivers/STM32U5xx_HAL_Driver/Src/stm32u5xx_ll_sdmmc.o
 .text.USB_CoreInit
                0x080094d0       0x5a ./Drivers/STM32U5xx_HAL_Driver/Src/stm32u5xx_ll_usb.o
                0x080094d0                USB_CoreInit
 .text.USB_DisableGlobalInt
                0x0800952a       0x22 ./Drivers/STM32U5xx_HAL_Driver/Src/stm32u5xx_ll_usb.o
                0x0800952a                USB_DisableGlobalInt
 .text.USB_SetCurrentMode
                0x0800954c       0x98 ./Drivers/STM32U5xx_HAL_Driver/Src/stm32u5xx_ll_usb.o
                0x0800954c                USB_SetCurrentMode
 .text.USB_DevInit
                0x080095e4      0x298 ./Drivers/STM32U5xx_HAL_Driver/Src/stm32u5xx_ll_usb.o
                0x080095e4                USB_DevInit
 .text.USB_FlushTxFifo
                0x0800987c       0x64 ./Drivers/STM32U5xx_HAL_Driver/Src/stm32u5xx_ll_usb.o
                0x0800987c                USB_FlushTxFifo
 .text.USB_FlushRxFifo
                0x080098e0       0x5c ./Drivers/STM32U5xx_HAL_Driver/Src/stm32u5xx_ll_usb.o
                0x080098e0                USB_FlushRxFifo
 .text.USB_SetDevSpeed
                0x0800993c       0x32 ./Drivers/STM32U5xx_HAL_Driver/Src/stm32u5xx_ll_usb.o
                0x0800993c                USB_SetDevSpeed
 .text.USB_DevDisconnect
                0x0800996e       0x42 ./Drivers/STM32U5xx_HAL_Driver/Src/stm32u5xx_ll_usb.o
                0x0800996e                USB_DevDisconnect
 .text.USB_GetMode
                0x080099b0       0x1c ./Drivers/STM32U5xx_HAL_Driver/Src/stm32u5xx_ll_usb.o
                0x080099b0                USB_GetMode
 .text.USB_CoreReset
                0x080099cc       0x62 ./Drivers/STM32U5xx_HAL_Driver/Src/stm32u5xx_ll_usb.o
 .text.memset   0x08009a2e       0x10 C:/ST/STM32CubeIDE_1.16.1/STM32CubeIDE/plugins/com.st.stm32cube.ide.mcu.externaltools.gnu-tools-for-stm32.12.3.rel1.win32_1.0.200.202406191623/tools/bin/../lib/gcc/arm-none-eabi/12.3.1/../../../../arm-none-eabi/lib/thumb/v8-m.main+fp/hard\libc_nano.a(libc_a-memset.o)
                0x08009a2e                memset
 *fill*         0x08009a3e        0x2 
 .text.__libc_init_array
                0x08009a40       0x48 C:/ST/STM32CubeIDE_1.16.1/STM32CubeIDE/plugins/com.st.stm32cube.ide.mcu.externaltools.gnu-tools-for-stm32.12.3.rel1.win32_1.0.200.202406191623/tools/bin/../lib/gcc/arm-none-eabi/12.3.1/../../../../arm-none-eabi/lib/thumb/v8-m.main+fp/hard\libc_nano.a(libc_a-init.o)
                0x08009a40                __libc_init_array
 *(.glue_7)
 .glue_7        0x08009a88        0x0 linker stubs
 *(.glue_7t)
 .glue_7t       0x08009a88        0x0 linker stubs
 *(.eh_frame)
 .eh_frame      0x08009a88        0x0 C:/ST/STM32CubeIDE_1.16.1/STM32CubeIDE/plugins/com.st.stm32cube.ide.mcu.externaltools.gnu-tools-for-stm32.12.3.rel1.win32_1.0.200.202406191623/tools/bin/../lib/gcc/arm-none-eabi/12.3.1/thumb/v8-m.main+fp/hard/crtbegin.o
 *(.init)
 .init          0x08009a88        0x4 C:/ST/STM32CubeIDE_1.16.1/STM32CubeIDE/plugins/com.st.stm32cube.ide.mcu.externaltools.gnu-tools-for-stm32.12.3.rel1.win32_1.0.200.202406191623/tools/bin/../lib/gcc/arm-none-eabi/12.3.1/thumb/v8-m.main+fp/hard/crti.o
                0x08009a88                _init
 .init          0x08009a8c        0x8 C:/ST/STM32CubeIDE_1.16.1/STM32CubeIDE/plugins/com.st.stm32cube.ide.mcu.externaltools.gnu-tools-for-stm32.12.3.rel1.win32_1.0.200.202406191623/tools/bin/../lib/gcc/arm-none-eabi/12.3.1/thumb/v8-m.main+fp/hard/crtn.o
 *(.fini)
 .fini          0x08009a94        0x4 C:/ST/STM32CubeIDE_1.16.1/STM32CubeIDE/plugins/com.st.stm32cube.ide.mcu.externaltools.gnu-tools-for-stm32.12.3.rel1.win32_1.0.200.202406191623/tools/bin/../lib/gcc/arm-none-eabi/12.3.1/thumb/v8-m.main+fp/hard/crti.o
                0x08009a94                _fini
 .fini          0x08009a98        0x8 C:/ST/STM32CubeIDE_1.16.1/STM32CubeIDE/plugins/com.st.stm32cube.ide.mcu.externaltools.gnu-tools-for-stm32.12.3.rel1.win32_1.0.200.202406191623/tools/bin/../lib/gcc/arm-none-eabi/12.3.1/thumb/v8-m.main+fp/hard/crtn.o
                0x08009aa0                        _etext = .

.vfp11_veneer   0x08009aa0        0x0
 .vfp11_veneer  0x08009aa0        0x0 linker stubs

.v4_bx          0x08009aa0        0x0
 .v4_bx         0x08009aa0        0x0 linker stubs

.iplt           0x08009aa0        0x0
 .iplt          0x08009aa0        0x0 C:/ST/STM32CubeIDE_1.16.1/STM32CubeIDE/plugins/com.st.stm32cube.ide.mcu.externaltools.gnu-tools-for-stm32.12.3.rel1.win32_1.0.200.202406191623/tools/bin/../lib/gcc/arm-none-eabi/12.3.1/thumb/v8-m.main+fp/hard/crtbegin.o

.rodata         0x08009aa0      0x100
 *(.rodata)
 *(.rodata*)
 .rodata.AHBPrescTable
                0x08009aa0       0x10 ./Core/Src/system_stm32u5xx.o
                0x08009aa0                AHBPrescTable
 .rodata.APBPrescTable
                0x08009ab0        0x8 ./Core/Src/system_stm32u5xx.o
                0x08009ab0                APBPrescTable
 .rodata.MSIRangeTable
                0x08009ab8       0x40 ./Core/Src/system_stm32u5xx.o
                0x08009ab8                MSIRangeTable
 .rodata.LPGPIO_Map
                0x08009af8       0x80 ./Drivers/STM32U5xx_HAL_Driver/Src/stm32u5xx_hal_gpio.o
 .rodata.UARTPrescTable
                0x08009b78       0x18 ./Drivers/STM32U5xx_HAL_Driver/Src/stm32u5xx_hal_uart.o
                0x08009b78                UARTPrescTable
 .rodata.numerator.1
                0x08009b90        0x8 ./Drivers/STM32U5xx_HAL_Driver/Src/stm32u5xx_hal_uart_ex.o
 .rodata.denominator.0
                0x08009b98        0x8 ./Drivers/STM32U5xx_HAL_Driver/Src/stm32u5xx_hal_uart_ex.o

.ARM.extab
 *(.ARM.extab* .gnu.linkonce.armextab.*)

.ARM            0x08009ba0        0x8
                0x08009ba0                        __exidx_start = .
 *(.ARM.exidx*)
 .ARM.exidx     0x08009ba0        0x8 C:/ST/STM32CubeIDE_1.16.1/STM32CubeIDE/plugins/com.st.stm32cube.ide.mcu.externaltools.gnu-tools-for-stm32.12.3.rel1.win32_1.0.200.202406191623/tools/bin/../lib/gcc/arm-none-eabi/12.3.1/thumb/v8-m.main+fp/hard\libgcc.a(_udivmoddi4.o)
                0x08009ba8                        __exidx_end = .

.preinit_array  0x08009ba8        0x0
                0x08009ba8                        PROVIDE (__preinit_array_start = .)
 *(.preinit_array*)
                0x08009ba8                        PROVIDE (__preinit_array_end = .)

.init_array     0x08009ba8        0x4
                0x08009ba8                        PROVIDE (__init_array_start = .)
 *(SORT_BY_NAME(.init_array.*))
 *(.init_array*)
 .init_array    0x08009ba8        0x4 C:/ST/STM32CubeIDE_1.16.1/STM32CubeIDE/plugins/com.st.stm32cube.ide.mcu.externaltools.gnu-tools-for-stm32.12.3.rel1.win32_1.0.200.202406191623/tools/bin/../lib/gcc/arm-none-eabi/12.3.1/thumb/v8-m.main+fp/hard/crtbegin.o
                0x08009bac                        PROVIDE (__init_array_end = .)

.fini_array     0x08009bac        0x4
                [!provide]                        PROVIDE (__fini_array_start = .)
 *(SORT_BY_NAME(.fini_array.*))
 *(.fini_array*)
 .fini_array    0x08009bac        0x4 C:/ST/STM32CubeIDE_1.16.1/STM32CubeIDE/plugins/com.st.stm32cube.ide.mcu.externaltools.gnu-tools-for-stm32.12.3.rel1.win32_1.0.200.202406191623/tools/bin/../lib/gcc/arm-none-eabi/12.3.1/thumb/v8-m.main+fp/hard/crtbegin.o
                [!provide]                        PROVIDE (__fini_array_end = .)
                0x08009bb0                        _sidata = LOADADDR (.data)

.rel.dyn        0x08009bb0        0x0
 .rel.iplt      0x08009bb0        0x0 C:/ST/STM32CubeIDE_1.16.1/STM32CubeIDE/plugins/com.st.stm32cube.ide.mcu.externaltools.gnu-tools-for-stm32.12.3.rel1.win32_1.0.200.202406191623/tools/bin/../lib/gcc/arm-none-eabi/12.3.1/thumb/v8-m.main+fp/hard/crtbegin.o

.data           0x20000000        0x9 load address 0x08009bb0
                0x20000000                        _sdata = .
 *(.data)
 *(.data*)
 .data.SystemCoreClock
                0x20000000        0x4 ./Core/Src/system_stm32u5xx.o
                0x20000000                SystemCoreClock
 .data.uwTickPrio
                0x20000004        0x4 ./Drivers/STM32U5xx_HAL_Driver/Src/stm32u5xx_hal.o
                0x20000004                uwTickPrio
 .data.uwTickFreq
                0x20000008        0x1 ./Drivers/STM32U5xx_HAL_Driver/Src/stm32u5xx_hal.o
                0x20000008                uwTickFreq
 *(.RamFunc)
 *(.RamFunc*)
                0x20000009                        _edata = .

.igot.plt       0x2000000c        0x0 load address 0x08009bb9
 .igot.plt      0x2000000c        0x0 C:/ST/STM32CubeIDE_1.16.1/STM32CubeIDE/plugins/com.st.stm32cube.ide.mcu.externaltools.gnu-tools-for-stm32.12.3.rel1.win32_1.0.200.202406191623/tools/bin/../lib/gcc/arm-none-eabi/12.3.1/thumb/v8-m.main+fp/hard/crtbegin.o

.bss            0x2000000c      0xa24 load address 0x08009bb9
                0x2000000c                        _sbss = .
                0x2000000c                        __bss_start__ = _sbss
 *(.bss)
 .bss           0x2000000c       0x1c C:/ST/STM32CubeIDE_1.16.1/STM32CubeIDE/plugins/com.st.stm32cube.ide.mcu.externaltools.gnu-tools-for-stm32.12.3.rel1.win32_1.0.200.202406191623/tools/bin/../lib/gcc/arm-none-eabi/12.3.1/thumb/v8-m.main+fp/hard/crtbegin.o
 *(.bss*)
 .bss.hadc1     0x20000028       0x8c ./Core/Src/main.o
                0x20000028                hadc1
 .bss.hi2c1     0x200000b4       0x54 ./Core/Src/main.o
                0x200000b4                hi2c1
 .bss.hi2c4     0x20000108       0x54 ./Core/Src/main.o
                0x20000108                hi2c4
 .bss.hsd1      0x2000015c       0x7c ./Core/Src/main.o
                0x2000015c                hsd1
 .bss.hspi1     0x200001d8       0x90 ./Core/Src/main.o
                0x200001d8                hspi1
 .bss.hspi2     0x20000268       0x90 ./Core/Src/main.o
                0x20000268                hspi2
 .bss.huart4    0x200002f8       0x94 ./Core/Src/main.o
                0x200002f8                huart4
 .bss.huart1    0x2000038c       0x94 ./Core/Src/main.o
                0x2000038c                huart1
 .bss.huart2    0x20000420       0x94 ./Core/Src/main.o
                0x20000420                huart2
 .bss.huart3    0x200004b4       0x94 ./Core/Src/main.o
                0x200004b4                huart3
 .bss.hpcd_USB_OTG_FS
                0x20000548      0x4e4 ./Core/Src/main.o
                0x20000548                hpcd_USB_OTG_FS
 .bss.uwTick    0x20000a2c        0x4 ./Drivers/STM32U5xx_HAL_Driver/Src/stm32u5xx_hal.o
                0x20000a2c                uwTick
 *(COMMON)
                0x20000a30                        _ebss = .
                0x20000a30                        __bss_end__ = _ebss

._user_heap_stack
                0x20000a30      0x600 load address 0x08009bb9
                0x20000a30                        . = ALIGN (0x8)
                [!provide]                        PROVIDE (end = .)
                0x20000a30                        PROVIDE (_end = .)
                0x20000c30                        . = (. + _Min_Heap_Size)
 *fill*         0x20000a30      0x200 
                0x20001030                        . = (. + _Min_Stack_Size)
 *fill*         0x20000c30      0x400 
                0x20001030                        . = ALIGN (0x8)

/DISCARD/
 libc.a(*)
 libm.a(*)
 libgcc.a(*)

.ARM.attributes
                0x00000000       0x36
 *(.ARM.attributes)
 .ARM.attributes
                0x00000000       0x26 C:/ST/STM32CubeIDE_1.16.1/STM32CubeIDE/plugins/com.st.stm32cube.ide.mcu.externaltools.gnu-tools-for-stm32.12.3.rel1.win32_1.0.200.202406191623/tools/bin/../lib/gcc/arm-none-eabi/12.3.1/thumb/v8-m.main+fp/hard/crti.o
 .ARM.attributes
                0x00000026       0x38 C:/ST/STM32CubeIDE_1.16.1/STM32CubeIDE/plugins/com.st.stm32cube.ide.mcu.externaltools.gnu-tools-for-stm32.12.3.rel1.win32_1.0.200.202406191623/tools/bin/../lib/gcc/arm-none-eabi/12.3.1/thumb/v8-m.main+fp/hard/crtbegin.o
 .ARM.attributes
                0x0000005e       0x3a ./Core/Src/main.o
 .ARM.attributes
                0x00000098       0x3a ./Core/Src/stm32u5xx_hal_msp.o
 .ARM.attributes
                0x000000d2       0x3a ./Core/Src/stm32u5xx_it.o
 .ARM.attributes
                0x0000010c       0x3a ./Core/Src/system_stm32u5xx.o
 .ARM.attributes
                0x00000146       0x24 ./Core/Startup/startup_stm32u575vgtx.o
 .ARM.attributes
                0x0000016a       0x3a ./Drivers/STM32U5xx_HAL_Driver/Src/stm32u5xx_hal.o
 .ARM.attributes
                0x000001a4       0x3a ./Drivers/STM32U5xx_HAL_Driver/Src/stm32u5xx_hal_adc.o
 .ARM.attributes
                0x000001de       0x3a ./Drivers/STM32U5xx_HAL_Driver/Src/stm32u5xx_hal_cortex.o
 .ARM.attributes
                0x00000218       0x3a ./Drivers/STM32U5xx_HAL_Driver/Src/stm32u5xx_hal_gpio.o
 .ARM.attributes
                0x00000252       0x3a ./Drivers/STM32U5xx_HAL_Driver/Src/stm32u5xx_hal_i2c.o
 .ARM.attributes
                0x0000028c       0x3a ./Drivers/STM32U5xx_HAL_Driver/Src/stm32u5xx_hal_i2c_ex.o
 .ARM.attributes
                0x000002c6       0x3a ./Drivers/STM32U5xx_HAL_Driver/Src/stm32u5xx_hal_pcd.o
 .ARM.attributes
                0x00000300       0x3a ./Drivers/STM32U5xx_HAL_Driver/Src/stm32u5xx_hal_pcd_ex.o
 .ARM.attributes
                0x0000033a       0x3a ./Drivers/STM32U5xx_HAL_Driver/Src/stm32u5xx_hal_pwr_ex.o
 .ARM.attributes
                0x00000374       0x3a ./Drivers/STM32U5xx_HAL_Driver/Src/stm32u5xx_hal_rcc.o
 .ARM.attributes
                0x000003ae       0x3a ./Drivers/STM32U5xx_HAL_Driver/Src/stm32u5xx_hal_rcc_ex.o
 .ARM.attributes
                0x000003e8       0x3a ./Drivers/STM32U5xx_HAL_Driver/Src/stm32u5xx_hal_sd.o
 .ARM.attributes
                0x00000422       0x3a ./Drivers/STM32U5xx_HAL_Driver/Src/stm32u5xx_hal_spi.o
 .ARM.attributes
                0x0000045c       0x3a ./Drivers/STM32U5xx_HAL_Driver/Src/stm32u5xx_hal_spi_ex.o
 .ARM.attributes
                0x00000496       0x3a ./Drivers/STM32U5xx_HAL_Driver/Src/stm32u5xx_hal_uart.o
 .ARM.attributes
                0x000004d0       0x3a ./Drivers/STM32U5xx_HAL_Driver/Src/stm32u5xx_hal_uart_ex.o
 .ARM.attributes
                0x0000050a       0x3a ./Drivers/STM32U5xx_HAL_Driver/Src/stm32u5xx_ll_sdmmc.o
 .ARM.attributes
                0x00000544       0x3a ./Drivers/STM32U5xx_HAL_Driver/Src/stm32u5xx_ll_usb.o
 .ARM.attributes
                0x0000057e       0x38 C:/ST/STM32CubeIDE_1.16.1/STM32CubeIDE/plugins/com.st.stm32cube.ide.mcu.externaltools.gnu-tools-for-stm32.12.3.rel1.win32_1.0.200.202406191623/tools/bin/../lib/gcc/arm-none-eabi/12.3.1/../../../../arm-none-eabi/lib/thumb/v8-m.main+fp/hard\libc_nano.a(libc_a-memset.o)
 .ARM.attributes
                0x000005b6       0x38 C:/ST/STM32CubeIDE_1.16.1/STM32CubeIDE/plugins/com.st.stm32cube.ide.mcu.externaltools.gnu-tools-for-stm32.12.3.rel1.win32_1.0.200.202406191623/tools/bin/../lib/gcc/arm-none-eabi/12.3.1/../../../../arm-none-eabi/lib/thumb/v8-m.main+fp/hard\libc_nano.a(libc_a-init.o)
 .ARM.attributes
                0x000005ee       0x26 C:/ST/STM32CubeIDE_1.16.1/STM32CubeIDE/plugins/com.st.stm32cube.ide.mcu.externaltools.gnu-tools-for-stm32.12.3.rel1.win32_1.0.200.202406191623/tools/bin/../lib/gcc/arm-none-eabi/12.3.1/thumb/v8-m.main+fp/hard\libgcc.a(_aeabi_uldivmod.o)
 .ARM.attributes
                0x00000614       0x38 C:/ST/STM32CubeIDE_1.16.1/STM32CubeIDE/plugins/com.st.stm32cube.ide.mcu.externaltools.gnu-tools-for-stm32.12.3.rel1.win32_1.0.200.202406191623/tools/bin/../lib/gcc/arm-none-eabi/12.3.1/thumb/v8-m.main+fp/hard\libgcc.a(_udivmoddi4.o)
 .ARM.attributes
                0x0000064c       0x26 C:/ST/STM32CubeIDE_1.16.1/STM32CubeIDE/plugins/com.st.stm32cube.ide.mcu.externaltools.gnu-tools-for-stm32.12.3.rel1.win32_1.0.200.202406191623/tools/bin/../lib/gcc/arm-none-eabi/12.3.1/thumb/v8-m.main+fp/hard\libgcc.a(_dvmd_tls.o)
 .ARM.attributes
                0x00000672       0x26 C:/ST/STM32CubeIDE_1.16.1/STM32CubeIDE/plugins/com.st.stm32cube.ide.mcu.externaltools.gnu-tools-for-stm32.12.3.rel1.win32_1.0.200.202406191623/tools/bin/../lib/gcc/arm-none-eabi/12.3.1/thumb/v8-m.main+fp/hard/crtn.o
OUTPUT(FlightCompitor.elf elf32-littlearm)
LOAD linker stubs
LOAD C:/ST/STM32CubeIDE_1.16.1/STM32CubeIDE/plugins/com.st.stm32cube.ide.mcu.externaltools.gnu-tools-for-stm32.12.3.rel1.win32_1.0.200.202406191623/tools/bin/../lib/gcc/arm-none-eabi/12.3.1/../../../../arm-none-eabi/lib/thumb/v8-m.main+fp/hard\libc.a
LOAD C:/ST/STM32CubeIDE_1.16.1/STM32CubeIDE/plugins/com.st.stm32cube.ide.mcu.externaltools.gnu-tools-for-stm32.12.3.rel1.win32_1.0.200.202406191623/tools/bin/../lib/gcc/arm-none-eabi/12.3.1/../../../../arm-none-eabi/lib/thumb/v8-m.main+fp/hard\libm.a
LOAD C:/ST/STM32CubeIDE_1.16.1/STM32CubeIDE/plugins/com.st.stm32cube.ide.mcu.externaltools.gnu-tools-for-stm32.12.3.rel1.win32_1.0.200.202406191623/tools/bin/../lib/gcc/arm-none-eabi/12.3.1/thumb/v8-m.main+fp/hard\libgcc.a

.debug_info     0x00000000    0x1f2df
 .debug_info    0x00000000     0x28aa ./Core/Src/main.o
 .debug_info    0x000028aa     0x2a4a ./Core/Src/stm32u5xx_hal_msp.o
 .debug_info    0x000052f4      0x128 ./Core/Src/stm32u5xx_it.o
 .debug_info    0x0000541c      0x929 ./Core/Src/system_stm32u5xx.o
 .debug_info    0x00005d45       0x30 ./Core/Startup/startup_stm32u575vgtx.o
 .debug_info    0x00005d75     0x11dd ./Drivers/STM32U5xx_HAL_Driver/Src/stm32u5xx_hal.o
 .debug_info    0x00006f52     0x2669 ./Drivers/STM32U5xx_HAL_Driver/Src/stm32u5xx_hal_adc.o
 .debug_info    0x000095bb     0x163a ./Drivers/STM32U5xx_HAL_Driver/Src/stm32u5xx_hal_cortex.o
 .debug_info    0x0000abf5      0x859 ./Drivers/STM32U5xx_HAL_Driver/Src/stm32u5xx_hal_gpio.o
 .debug_info    0x0000b44e     0x231f ./Drivers/STM32U5xx_HAL_Driver/Src/stm32u5xx_hal_i2c.o
 .debug_info    0x0000d76d      0x9ff ./Drivers/STM32U5xx_HAL_Driver/Src/stm32u5xx_hal_i2c_ex.o
 .debug_info    0x0000e16c     0x1586 ./Drivers/STM32U5xx_HAL_Driver/Src/stm32u5xx_hal_pcd.o
 .debug_info    0x0000f6f2      0x8bd ./Drivers/STM32U5xx_HAL_Driver/Src/stm32u5xx_hal_pcd_ex.o
 .debug_info    0x0000ffaf      0xe3e ./Drivers/STM32U5xx_HAL_Driver/Src/stm32u5xx_hal_pwr_ex.o
 .debug_info    0x00010ded     0x11f0 ./Drivers/STM32U5xx_HAL_Driver/Src/stm32u5xx_hal_rcc.o
 .debug_info    0x00011fdd     0x157f ./Drivers/STM32U5xx_HAL_Driver/Src/stm32u5xx_hal_rcc_ex.o
 .debug_info    0x0001355c     0x1a1b ./Drivers/STM32U5xx_HAL_Driver/Src/stm32u5xx_hal_sd.o
 .debug_info    0x00014f77     0x1581 ./Drivers/STM32U5xx_HAL_Driver/Src/stm32u5xx_hal_spi.o
 .debug_info    0x000164f8      0xa97 ./Drivers/STM32U5xx_HAL_Driver/Src/stm32u5xx_hal_spi_ex.o
 .debug_info    0x00016f8f     0x4029 ./Drivers/STM32U5xx_HAL_Driver/Src/stm32u5xx_hal_uart.o
 .debug_info    0x0001afb8     0x11f0 ./Drivers/STM32U5xx_HAL_Driver/Src/stm32u5xx_hal_uart_ex.o
 .debug_info    0x0001c1a8     0x1695 ./Drivers/STM32U5xx_HAL_Driver/Src/stm32u5xx_ll_sdmmc.o
 .debug_info    0x0001d83d     0x1aa2 ./Drivers/STM32U5xx_HAL_Driver/Src/stm32u5xx_ll_usb.o

.debug_abbrev   0x00000000     0x33dd
 .debug_abbrev  0x00000000      0x2da ./Core/Src/main.o
 .debug_abbrev  0x000002da      0x289 ./Core/Src/stm32u5xx_hal_msp.o
 .debug_abbrev  0x00000563       0x73 ./Core/Src/stm32u5xx_it.o
 .debug_abbrev  0x000005d6      0x129 ./Core/Src/system_stm32u5xx.o
 .debug_abbrev  0x000006ff       0x24 ./Core/Startup/startup_stm32u575vgtx.o
 .debug_abbrev  0x00000723      0x2ba ./Drivers/STM32U5xx_HAL_Driver/Src/stm32u5xx_hal.o
 .debug_abbrev  0x000009dd      0x2ce ./Drivers/STM32U5xx_HAL_Driver/Src/stm32u5xx_hal_adc.o
 .debug_abbrev  0x00000cab      0x311 ./Drivers/STM32U5xx_HAL_Driver/Src/stm32u5xx_hal_cortex.o
 .debug_abbrev  0x00000fbc      0x25a ./Drivers/STM32U5xx_HAL_Driver/Src/stm32u5xx_hal_gpio.o
 .debug_abbrev  0x00001216      0x271 ./Drivers/STM32U5xx_HAL_Driver/Src/stm32u5xx_hal_i2c.o
 .debug_abbrev  0x00001487      0x1c0 ./Drivers/STM32U5xx_HAL_Driver/Src/stm32u5xx_hal_i2c_ex.o
 .debug_abbrev  0x00001647      0x2cd ./Drivers/STM32U5xx_HAL_Driver/Src/stm32u5xx_hal_pcd.o
 .debug_abbrev  0x00001914      0x25a ./Drivers/STM32U5xx_HAL_Driver/Src/stm32u5xx_hal_pcd_ex.o
 .debug_abbrev  0x00001b6e      0x215 ./Drivers/STM32U5xx_HAL_Driver/Src/stm32u5xx_hal_pwr_ex.o
 .debug_abbrev  0x00001d83      0x2cb ./Drivers/STM32U5xx_HAL_Driver/Src/stm32u5xx_hal_rcc.o
 .debug_abbrev  0x0000204e      0x23d ./Drivers/STM32U5xx_HAL_Driver/Src/stm32u5xx_hal_rcc_ex.o
 .debug_abbrev  0x0000228b      0x25b ./Drivers/STM32U5xx_HAL_Driver/Src/stm32u5xx_hal_sd.o
 .debug_abbrev  0x000024e6      0x2b3 ./Drivers/STM32U5xx_HAL_Driver/Src/stm32u5xx_hal_spi.o
 .debug_abbrev  0x00002799      0x1c7 ./Drivers/STM32U5xx_HAL_Driver/Src/stm32u5xx_hal_spi_ex.o
 .debug_abbrev  0x00002960      0x305 ./Drivers/STM32U5xx_HAL_Driver/Src/stm32u5xx_hal_uart.o
 .debug_abbrev  0x00002c65      0x2d4 ./Drivers/STM32U5xx_HAL_Driver/Src/stm32u5xx_hal_uart_ex.o
 .debug_abbrev  0x00002f39      0x1f4 ./Drivers/STM32U5xx_HAL_Driver/Src/stm32u5xx_ll_sdmmc.o
 .debug_abbrev  0x0000312d      0x2b0 ./Drivers/STM32U5xx_HAL_Driver/Src/stm32u5xx_ll_usb.o

.debug_aranges  0x00000000     0x19c8
 .debug_aranges
                0x00000000       0x90 ./Core/Src/main.o
 .debug_aranges
                0x00000090       0x80 ./Core/Src/stm32u5xx_hal_msp.o
 .debug_aranges
                0x00000110       0x60 ./Core/Src/stm32u5xx_it.o
 .debug_aranges
                0x00000170       0x28 ./Core/Src/system_stm32u5xx.o
 .debug_aranges
                0x00000198       0x28 ./Core/Startup/startup_stm32u575vgtx.o
 .debug_aranges
                0x000001c0      0x148 ./Drivers/STM32U5xx_HAL_Driver/Src/stm32u5xx_hal.o
 .debug_aranges
                0x00000308      0x270 ./Drivers/STM32U5xx_HAL_Driver/Src/stm32u5xx_hal_adc.o
 .debug_aranges
                0x00000578      0x140 ./Drivers/STM32U5xx_HAL_Driver/Src/stm32u5xx_hal_cortex.o
 .debug_aranges
                0x000006b8       0x78 ./Drivers/STM32U5xx_HAL_Driver/Src/stm32u5xx_hal_gpio.o
 .debug_aranges
                0x00000730      0x2a0 ./Drivers/STM32U5xx_HAL_Driver/Src/stm32u5xx_hal_i2c.o
 .debug_aranges
                0x000009d0       0x58 ./Drivers/STM32U5xx_HAL_Driver/Src/stm32u5xx_hal_i2c_ex.o
 .debug_aranges
                0x00000a28      0x140 ./Drivers/STM32U5xx_HAL_Driver/Src/stm32u5xx_hal_pcd.o
 .debug_aranges
                0x00000b68       0x60 ./Drivers/STM32U5xx_HAL_Driver/Src/stm32u5xx_hal_pcd_ex.o
 .debug_aranges
                0x00000bc8      0x200 ./Drivers/STM32U5xx_HAL_Driver/Src/stm32u5xx_hal_pwr_ex.o
 .debug_aranges
                0x00000dc8       0xa8 ./Drivers/STM32U5xx_HAL_Driver/Src/stm32u5xx_hal_rcc.o
 .debug_aranges
                0x00000e70      0x160 ./Drivers/STM32U5xx_HAL_Driver/Src/stm32u5xx_hal_rcc_ex.o
 .debug_aranges
                0x00000fd0      0x160 ./Drivers/STM32U5xx_HAL_Driver/Src/stm32u5xx_hal_sd.o
 .debug_aranges
                0x00001130      0x1a8 ./Drivers/STM32U5xx_HAL_Driver/Src/stm32u5xx_hal_spi.o
 .debug_aranges
                0x000012d8       0x48 ./Drivers/STM32U5xx_HAL_Driver/Src/stm32u5xx_hal_spi_ex.o
 .debug_aranges
                0x00001320      0x248 ./Drivers/STM32U5xx_HAL_Driver/Src/stm32u5xx_hal_uart.o
 .debug_aranges
                0x00001568       0xb8 ./Drivers/STM32U5xx_HAL_Driver/Src/stm32u5xx_hal_uart_ex.o
 .debug_aranges
                0x00001620      0x208 ./Drivers/STM32U5xx_HAL_Driver/Src/stm32u5xx_ll_sdmmc.o
 .debug_aranges
                0x00001828      0x1a0 ./Drivers/STM32U5xx_HAL_Driver/Src/stm32u5xx_ll_usb.o

.debug_rnglists
                0x00000000     0x1410
 .debug_rnglists
                0x00000000       0x70 ./Core/Src/main.o
 .debug_rnglists
                0x00000070       0x63 ./Core/Src/stm32u5xx_hal_msp.o
 .debug_rnglists
                0x000000d3       0x43 ./Core/Src/stm32u5xx_it.o
 .debug_rnglists
                0x00000116       0x1a ./Core/Src/system_stm32u5xx.o
 .debug_rnglists
                0x00000130       0x19 ./Core/Startup/startup_stm32u575vgtx.o
 .debug_rnglists
                0x00000149       0xf3 ./Drivers/STM32U5xx_HAL_Driver/Src/stm32u5xx_hal.o
 .debug_rnglists
                0x0000023c      0x1e2 ./Drivers/STM32U5xx_HAL_Driver/Src/stm32u5xx_hal_adc.o
 .debug_rnglists
                0x0000041e       0xec ./Drivers/STM32U5xx_HAL_Driver/Src/stm32u5xx_hal_cortex.o
 .debug_rnglists
                0x0000050a       0x5a ./Drivers/STM32U5xx_HAL_Driver/Src/stm32u5xx_hal_gpio.o
 .debug_rnglists
                0x00000564      0x228 ./Drivers/STM32U5xx_HAL_Driver/Src/stm32u5xx_hal_i2c.o
 .debug_rnglists
                0x0000078c       0x43 ./Drivers/STM32U5xx_HAL_Driver/Src/stm32u5xx_hal_i2c_ex.o
 .debug_rnglists
                0x000007cf       0xf4 ./Drivers/STM32U5xx_HAL_Driver/Src/stm32u5xx_hal_pcd.o
 .debug_rnglists
                0x000008c3       0x45 ./Drivers/STM32U5xx_HAL_Driver/Src/stm32u5xx_hal_pcd_ex.o
 .debug_rnglists
                0x00000908      0x186 ./Drivers/STM32U5xx_HAL_Driver/Src/stm32u5xx_hal_pwr_ex.o
 .debug_rnglists
                0x00000a8e       0x7f ./Drivers/STM32U5xx_HAL_Driver/Src/stm32u5xx_hal_rcc.o
 .debug_rnglists
                0x00000b0d      0x113 ./Drivers/STM32U5xx_HAL_Driver/Src/stm32u5xx_hal_rcc_ex.o
 .debug_rnglists
                0x00000c20      0x11c ./Drivers/STM32U5xx_HAL_Driver/Src/stm32u5xx_hal_sd.o
 .debug_rnglists
                0x00000d3c      0x148 ./Drivers/STM32U5xx_HAL_Driver/Src/stm32u5xx_hal_spi.o
 .debug_rnglists
                0x00000e84       0x35 ./Drivers/STM32U5xx_HAL_Driver/Src/stm32u5xx_hal_spi_ex.o
 .debug_rnglists
                0x00000eb9      0x1fb ./Drivers/STM32U5xx_HAL_Driver/Src/stm32u5xx_hal_uart.o
 .debug_rnglists
                0x000010b4       0x8c ./Drivers/STM32U5xx_HAL_Driver/Src/stm32u5xx_hal_uart_ex.o
 .debug_rnglists
                0x00001140      0x18a ./Drivers/STM32U5xx_HAL_Driver/Src/stm32u5xx_ll_sdmmc.o
 .debug_rnglists
                0x000012ca      0x146 ./Drivers/STM32U5xx_HAL_Driver/Src/stm32u5xx_ll_usb.o

.debug_macro    0x00000000    0x3634c
 .debug_macro   0x00000000      0x30d ./Core/Src/main.o
 .debug_macro   0x0000030d      0xaba ./Core/Src/main.o
 .debug_macro   0x00000dc7      0x1fe ./Core/Src/main.o
 .debug_macro   0x00000fc5       0x2e ./Core/Src/main.o
 .debug_macro   0x00000ff3       0x42 ./Core/Src/main.o
 .debug_macro   0x00001035       0x22 ./Core/Src/main.o
 .debug_macro   0x00001057       0x8e ./Core/Src/main.o
 .debug_macro   0x000010e5       0x51 ./Core/Src/main.o
 .debug_macro   0x00001136      0x103 ./Core/Src/main.o
 .debug_macro   0x00001239       0x6a ./Core/Src/main.o
 .debug_macro   0x000012a3      0x1df ./Core/Src/main.o
 .debug_macro   0x00001482       0x1c ./Core/Src/main.o
 .debug_macro   0x0000149e       0x29 ./Core/Src/main.o
 .debug_macro   0x000014c7       0xfb ./Core/Src/main.o
 .debug_macro   0x000015c2     0x1685 ./Core/Src/main.o
 .debug_macro   0x00002c47       0x5e ./Core/Src/main.o
 .debug_macro   0x00002ca5    0x223f5 ./Core/Src/main.o
 .debug_macro   0x0002509a       0x6d ./Core/Src/main.o
 .debug_macro   0x00025107     0x3873 ./Core/Src/main.o
 .debug_macro   0x0002897a      0x189 ./Core/Src/main.o
 .debug_macro   0x00028b03       0x61 ./Core/Src/main.o
 .debug_macro   0x00028b64       0x2a ./Core/Src/main.o
 .debug_macro   0x00028b8e       0x43 ./Core/Src/main.o
 .debug_macro   0x00028bd1       0x34 ./Core/Src/main.o
 .debug_macro   0x00028c05       0x16 ./Core/Src/main.o
 .debug_macro   0x00028c1b       0x43 ./Core/Src/main.o
 .debug_macro   0x00028c5e       0x34 ./Core/Src/main.o
 .debug_macro   0x00028c92       0x10 ./Core/Src/main.o
 .debug_macro   0x00028ca2       0x58 ./Core/Src/main.o
 .debug_macro   0x00028cfa       0x8e ./Core/Src/main.o
 .debug_macro   0x00028d88       0x1c ./Core/Src/main.o
 .debug_macro   0x00028da4      0x177 ./Core/Src/main.o
 .debug_macro   0x00028f1b      0x369 ./Core/Src/main.o
 .debug_macro   0x00029284      0x19b ./Core/Src/main.o
 .debug_macro   0x0002941f       0x5d ./Core/Src/main.o
 .debug_macro   0x0002947c     0x1ae5 ./Core/Src/main.o
 .debug_macro   0x0002af61      0x7dc ./Core/Src/main.o
 .debug_macro   0x0002b73d      0x166 ./Core/Src/main.o
 .debug_macro   0x0002b8a3      0x2aa ./Core/Src/main.o
 .debug_macro   0x0002bb4d      0x5a5 ./Core/Src/main.o
 .debug_macro   0x0002c0f2      0x439 ./Core/Src/main.o
 .debug_macro   0x0002c52b       0xd6 ./Core/Src/main.o
 .debug_macro   0x0002c601      0x1cd ./Core/Src/main.o
 .debug_macro   0x0002c7ce     0x1415 ./Core/Src/main.o
 .debug_macro   0x0002dbe3      0x950 ./Core/Src/main.o
 .debug_macro   0x0002e533      0x2cd ./Core/Src/main.o
 .debug_macro   0x0002e800      0x432 ./Core/Src/main.o
 .debug_macro   0x0002ec32       0x95 ./Core/Src/main.o
 .debug_macro   0x0002ecc7      0x11c ./Core/Src/main.o
 .debug_macro   0x0002ede3      0x23a ./Core/Src/main.o
 .debug_macro   0x0002f01d      0x123 ./Core/Src/main.o
 .debug_macro   0x0002f140       0xa5 ./Core/Src/main.o
 .debug_macro   0x0002f1e5      0x525 ./Core/Src/main.o
 .debug_macro   0x0002f70a      0x4bf ./Core/Src/main.o
 .debug_macro   0x0002fbc9      0xa0c ./Core/Src/main.o
 .debug_macro   0x000305d5       0x1c ./Core/Src/main.o
 .debug_macro   0x000305f1      0x1ce ./Core/Src/main.o
 .debug_macro   0x000307bf       0x28 ./Core/Src/main.o
 .debug_macro   0x000307e7      0x5cf ./Core/Src/main.o
 .debug_macro   0x00030db6       0xee ./Core/Src/main.o
 .debug_macro   0x00030ea4       0xd6 ./Core/Src/main.o
 .debug_macro   0x00030f7a      0x677 ./Core/Src/main.o
 .debug_macro   0x000315f1      0x1a1 ./Core/Src/main.o
 .debug_macro   0x00031792      0x293 ./Core/Src/main.o
 .debug_macro   0x00031a25       0x90 ./Core/Src/main.o
 .debug_macro   0x00031ab5      0x1c0 ./Core/Src/main.o
 .debug_macro   0x00031c75      0x361 ./Core/Src/main.o
 .debug_macro   0x00031fd6       0x64 ./Core/Src/main.o
 .debug_macro   0x0003203a      0x30d ./Core/Src/stm32u5xx_hal_msp.o
 .debug_macro   0x00032347      0x317 ./Core/Src/stm32u5xx_it.o
 .debug_macro   0x0003265e      0x305 ./Core/Src/system_stm32u5xx.o
 .debug_macro   0x00032963      0x322 ./Drivers/STM32U5xx_HAL_Driver/Src/stm32u5xx_hal.o
 .debug_macro   0x00032c85      0x322 ./Drivers/STM32U5xx_HAL_Driver/Src/stm32u5xx_hal_adc.o
 .debug_macro   0x00032fa7      0x2fe ./Drivers/STM32U5xx_HAL_Driver/Src/stm32u5xx_hal_cortex.o
 .debug_macro   0x000332a5      0x333 ./Drivers/STM32U5xx_HAL_Driver/Src/stm32u5xx_hal_gpio.o
 .debug_macro   0x000335d8      0x3ca ./Drivers/STM32U5xx_HAL_Driver/Src/stm32u5xx_hal_i2c.o
 .debug_macro   0x000339a2      0x2fe ./Drivers/STM32U5xx_HAL_Driver/Src/stm32u5xx_hal_i2c_ex.o
 .debug_macro   0x00033ca0      0x30a ./Drivers/STM32U5xx_HAL_Driver/Src/stm32u5xx_hal_pcd.o
 .debug_macro   0x00033faa      0x2fe ./Drivers/STM32U5xx_HAL_Driver/Src/stm32u5xx_hal_pcd_ex.o
 .debug_macro   0x000342a8      0x329 ./Drivers/STM32U5xx_HAL_Driver/Src/stm32u5xx_hal_pwr_ex.o
 .debug_macro   0x000345d1      0x404 ./Drivers/STM32U5xx_HAL_Driver/Src/stm32u5xx_hal_rcc.o
 .debug_macro   0x000349d5      0x428 ./Drivers/STM32U5xx_HAL_Driver/Src/stm32u5xx_hal_rcc_ex.o
 .debug_macro   0x00034dfd      0x31b ./Drivers/STM32U5xx_HAL_Driver/Src/stm32u5xx_hal_sd.o
 .debug_macro   0x00035118      0x306 ./Drivers/STM32U5xx_HAL_Driver/Src/stm32u5xx_hal_spi.o
 .debug_macro   0x0003541e      0x2fe ./Drivers/STM32U5xx_HAL_Driver/Src/stm32u5xx_hal_spi_ex.o
 .debug_macro   0x0003571c      0x329 ./Drivers/STM32U5xx_HAL_Driver/Src/stm32u5xx_hal_uart.o
 .debug_macro   0x00035a45      0x30a ./Drivers/STM32U5xx_HAL_Driver/Src/stm32u5xx_hal_uart_ex.o
 .debug_macro   0x00035d4f      0x2ff ./Drivers/STM32U5xx_HAL_Driver/Src/stm32u5xx_ll_sdmmc.o
 .debug_macro   0x0003604e      0x2fe ./Drivers/STM32U5xx_HAL_Driver/Src/stm32u5xx_ll_usb.o

.debug_line     0x00000000    0x21a9b
 .debug_line    0x00000000      0xe34 ./Core/Src/main.o
 .debug_line    0x00000e34      0xd4e ./Core/Src/stm32u5xx_hal_msp.o
 .debug_line    0x00001b82      0xa64 ./Core/Src/stm32u5xx_it.o
 .debug_line    0x000025e6      0xaa3 ./Core/Src/system_stm32u5xx.o
 .debug_line    0x00003089       0x79 ./Core/Startup/startup_stm32u575vgtx.o
 .debug_line    0x00003102      0xe20 ./Drivers/STM32U5xx_HAL_Driver/Src/stm32u5xx_hal.o
 .debug_line    0x00003f22     0x2982 ./Drivers/STM32U5xx_HAL_Driver/Src/stm32u5xx_hal_adc.o
 .debug_line    0x000068a4     0x1012 ./Drivers/STM32U5xx_HAL_Driver/Src/stm32u5xx_hal_cortex.o
 .debug_line    0x000078b6      0xf31 ./Drivers/STM32U5xx_HAL_Driver/Src/stm32u5xx_hal_gpio.o
 .debug_line    0x000087e7     0x3f83 ./Drivers/STM32U5xx_HAL_Driver/Src/stm32u5xx_hal_i2c.o
 .debug_line    0x0000c76a      0xcea ./Drivers/STM32U5xx_HAL_Driver/Src/stm32u5xx_hal_i2c_ex.o
 .debug_line    0x0000d454     0x1722 ./Drivers/STM32U5xx_HAL_Driver/Src/stm32u5xx_hal_pcd.o
 .debug_line    0x0000eb76      0xbb3 ./Drivers/STM32U5xx_HAL_Driver/Src/stm32u5xx_hal_pcd_ex.o
 .debug_line    0x0000f729     0x131b ./Drivers/STM32U5xx_HAL_Driver/Src/stm32u5xx_hal_pwr_ex.o
 .debug_line    0x00010a44     0x16cb ./Drivers/STM32U5xx_HAL_Driver/Src/stm32u5xx_hal_rcc.o
 .debug_line    0x0001210f     0x2458 ./Drivers/STM32U5xx_HAL_Driver/Src/stm32u5xx_hal_rcc_ex.o
 .debug_line    0x00014567     0x22c8 ./Drivers/STM32U5xx_HAL_Driver/Src/stm32u5xx_hal_sd.o
 .debug_line    0x0001682f     0x252e ./Drivers/STM32U5xx_HAL_Driver/Src/stm32u5xx_hal_spi.o
 .debug_line    0x00018d5d      0xbc4 ./Drivers/STM32U5xx_HAL_Driver/Src/stm32u5xx_hal_spi_ex.o
 .debug_line    0x00019921     0x3b0b ./Drivers/STM32U5xx_HAL_Driver/Src/stm32u5xx_hal_uart.o
 .debug_line    0x0001d42c     0x1116 ./Drivers/STM32U5xx_HAL_Driver/Src/stm32u5xx_hal_uart_ex.o
 .debug_line    0x0001e542     0x15a6 ./Drivers/STM32U5xx_HAL_Driver/Src/stm32u5xx_ll_sdmmc.o
 .debug_line    0x0001fae8     0x1fb3 ./Drivers/STM32U5xx_HAL_Driver/Src/stm32u5xx_ll_usb.o

.debug_str      0x00000000   0x158f74
 .debug_str     0x00000000   0x14e421 ./Core/Src/main.o
                             0x14f3c2 (size before relaxing)
 .debug_str     0x0014e421      0x46b ./Core/Src/stm32u5xx_hal_msp.o
                             0x14f385 (size before relaxing)
 .debug_str     0x0014e88c       0xc9 ./Core/Src/stm32u5xx_it.o
                             0x14d854 (size before relaxing)
 .debug_str     0x0014e955      0x1c9 ./Core/Src/system_stm32u5xx.o
                             0x14da1d (size before relaxing)
 .debug_str     0x0014eb1e       0x44 ./Core/Startup/startup_stm32u575vgtx.o
                                 0x90 (size before relaxing)
 .debug_str     0x0014eb62      0xed0 ./Drivers/STM32U5xx_HAL_Driver/Src/stm32u5xx_hal.o
                             0x14e89a (size before relaxing)
 .debug_str     0x0014fa32      0xe35 ./Drivers/STM32U5xx_HAL_Driver/Src/stm32u5xx_hal_adc.o
                             0x14ed0d (size before relaxing)
 .debug_str     0x00150867      0x404 ./Drivers/STM32U5xx_HAL_Driver/Src/stm32u5xx_hal_cortex.o
                             0x14e662 (size before relaxing)
 .debug_str     0x00150c6b      0x2d7 ./Drivers/STM32U5xx_HAL_Driver/Src/stm32u5xx_hal_gpio.o
                             0x14da42 (size before relaxing)
 .debug_str     0x00150f42      0xf00 ./Drivers/STM32U5xx_HAL_Driver/Src/stm32u5xx_hal_i2c.o
                             0x14ec6b (size before relaxing)
 .debug_str     0x00151e42      0x118 ./Drivers/STM32U5xx_HAL_Driver/Src/stm32u5xx_hal_i2c_ex.o
                             0x14de53 (size before relaxing)
 .debug_str     0x00151f5a      0x819 ./Drivers/STM32U5xx_HAL_Driver/Src/stm32u5xx_hal_pcd.o
                             0x14e306 (size before relaxing)
 .debug_str     0x00152773      0x174 ./Drivers/STM32U5xx_HAL_Driver/Src/stm32u5xx_hal_pcd_ex.o
                             0x14dca4 (size before relaxing)
 .debug_str     0x001528e7      0x82a ./Drivers/STM32U5xx_HAL_Driver/Src/stm32u5xx_hal_pwr_ex.o
                             0x14e15d (size before relaxing)
 .debug_str     0x00153111     0x12e2 ./Drivers/STM32U5xx_HAL_Driver/Src/stm32u5xx_hal_rcc.o
                             0x14f112 (size before relaxing)
 .debug_str     0x001543f3     0x256b ./Drivers/STM32U5xx_HAL_Driver/Src/stm32u5xx_hal_rcc_ex.o
                             0x150375 (size before relaxing)
 .debug_str     0x0015695e      0xa87 ./Drivers/STM32U5xx_HAL_Driver/Src/stm32u5xx_hal_sd.o
                             0x14e4df (size before relaxing)
 .debug_str     0x001573e5      0x516 ./Drivers/STM32U5xx_HAL_Driver/Src/stm32u5xx_hal_spi.o
                             0x14e2ef (size before relaxing)
 .debug_str     0x001578fb       0xe3 ./Drivers/STM32U5xx_HAL_Driver/Src/stm32u5xx_hal_spi_ex.o
                             0x14de81 (size before relaxing)
 .debug_str     0x001579de      0x923 ./Drivers/STM32U5xx_HAL_Driver/Src/stm32u5xx_hal_uart.o
                             0x14e6e4 (size before relaxing)
 .debug_str     0x00158301      0x313 ./Drivers/STM32U5xx_HAL_Driver/Src/stm32u5xx_hal_uart_ex.o
                             0x14e196 (size before relaxing)
 .debug_str     0x00158614      0x4b0 ./Drivers/STM32U5xx_HAL_Driver/Src/stm32u5xx_ll_sdmmc.o
                             0x14df95 (size before relaxing)
 .debug_str     0x00158ac4      0x4b0 ./Drivers/STM32U5xx_HAL_Driver/Src/stm32u5xx_ll_usb.o
                             0x14e200 (size before relaxing)

.comment        0x00000000       0x43
 .comment       0x00000000       0x43 ./Core/Src/main.o
                                 0x44 (size before relaxing)
 .comment       0x00000043       0x44 ./Core/Src/stm32u5xx_hal_msp.o
 .comment       0x00000043       0x44 ./Core/Src/stm32u5xx_it.o
 .comment       0x00000043       0x44 ./Core/Src/system_stm32u5xx.o
 .comment       0x00000043       0x44 ./Drivers/STM32U5xx_HAL_Driver/Src/stm32u5xx_hal.o
 .comment       0x00000043       0x44 ./Drivers/STM32U5xx_HAL_Driver/Src/stm32u5xx_hal_adc.o
 .comment       0x00000043       0x44 ./Drivers/STM32U5xx_HAL_Driver/Src/stm32u5xx_hal_cortex.o
 .comment       0x00000043       0x44 ./Drivers/STM32U5xx_HAL_Driver/Src/stm32u5xx_hal_gpio.o
 .comment       0x00000043       0x44 ./Drivers/STM32U5xx_HAL_Driver/Src/stm32u5xx_hal_i2c.o
 .comment       0x00000043       0x44 ./Drivers/STM32U5xx_HAL_Driver/Src/stm32u5xx_hal_i2c_ex.o
 .comment       0x00000043       0x44 ./Drivers/STM32U5xx_HAL_Driver/Src/stm32u5xx_hal_pcd.o
 .comment       0x00000043       0x44 ./Drivers/STM32U5xx_HAL_Driver/Src/stm32u5xx_hal_pcd_ex.o
 .comment       0x00000043       0x44 ./Drivers/STM32U5xx_HAL_Driver/Src/stm32u5xx_hal_pwr_ex.o
 .comment       0x00000043       0x44 ./Drivers/STM32U5xx_HAL_Driver/Src/stm32u5xx_hal_rcc.o
 .comment       0x00000043       0x44 ./Drivers/STM32U5xx_HAL_Driver/Src/stm32u5xx_hal_rcc_ex.o
 .comment       0x00000043       0x44 ./Drivers/STM32U5xx_HAL_Driver/Src/stm32u5xx_hal_sd.o
 .comment       0x00000043       0x44 ./Drivers/STM32U5xx_HAL_Driver/Src/stm32u5xx_hal_spi.o
 .comment       0x00000043       0x44 ./Drivers/STM32U5xx_HAL_Driver/Src/stm32u5xx_hal_spi_ex.o
 .comment       0x00000043       0x44 ./Drivers/STM32U5xx_HAL_Driver/Src/stm32u5xx_hal_uart.o
 .comment       0x00000043       0x44 ./Drivers/STM32U5xx_HAL_Driver/Src/stm32u5xx_hal_uart_ex.o
 .comment       0x00000043       0x44 ./Drivers/STM32U5xx_HAL_Driver/Src/stm32u5xx_ll_sdmmc.o
 .comment       0x00000043       0x44 ./Drivers/STM32U5xx_HAL_Driver/Src/stm32u5xx_ll_usb.o

.debug_frame    0x00000000     0x7068
 .debug_frame   0x00000000      0x1d4 ./Core/Src/main.o
 .debug_frame   0x000001d4      0x1fc ./Core/Src/stm32u5xx_hal_msp.o
 .debug_frame   0x000003d0      0x104 ./Core/Src/stm32u5xx_it.o
 .debug_frame   0x000004d4       0x58 ./Core/Src/system_stm32u5xx.o
 .debug_frame   0x0000052c      0x500 ./Drivers/STM32U5xx_HAL_Driver/Src/stm32u5xx_hal.o
 .debug_frame   0x00000a2c      0xb94 ./Drivers/STM32U5xx_HAL_Driver/Src/stm32u5xx_hal_adc.o
 .debug_frame   0x000015c0      0x560 ./Drivers/STM32U5xx_HAL_Driver/Src/stm32u5xx_hal_cortex.o
 .debug_frame   0x00001b20      0x1ec ./Drivers/STM32U5xx_HAL_Driver/Src/stm32u5xx_hal_gpio.o
 .debug_frame   0x00001d0c      0xc44 ./Drivers/STM32U5xx_HAL_Driver/Src/stm32u5xx_hal_i2c.o
 .debug_frame   0x00002950      0x150 ./Drivers/STM32U5xx_HAL_Driver/Src/stm32u5xx_hal_i2c_ex.o
 .debug_frame   0x00002aa0      0x590 ./Drivers/STM32U5xx_HAL_Driver/Src/stm32u5xx_hal_pcd.o
 .debug_frame   0x00003030      0x174 ./Drivers/STM32U5xx_HAL_Driver/Src/stm32u5xx_hal_pcd_ex.o
 .debug_frame   0x000031a4      0x84c ./Drivers/STM32U5xx_HAL_Driver/Src/stm32u5xx_hal_pwr_ex.o
 .debug_frame   0x000039f0      0x288 ./Drivers/STM32U5xx_HAL_Driver/Src/stm32u5xx_hal_rcc.o
 .debug_frame   0x00003c78      0x5f0 ./Drivers/STM32U5xx_HAL_Driver/Src/stm32u5xx_hal_rcc_ex.o
 .debug_frame   0x00004268      0x620 ./Drivers/STM32U5xx_HAL_Driver/Src/stm32u5xx_hal_sd.o
 .debug_frame   0x00004888      0x7ac ./Drivers/STM32U5xx_HAL_Driver/Src/stm32u5xx_hal_spi.o
 .debug_frame   0x00005034      0x100 ./Drivers/STM32U5xx_HAL_Driver/Src/stm32u5xx_hal_spi_ex.o
 .debug_frame   0x00005134      0xa84 ./Drivers/STM32U5xx_HAL_Driver/Src/stm32u5xx_hal_uart.o
 .debug_frame   0x00005bb8      0x310 ./Drivers/STM32U5xx_HAL_Driver/Src/stm32u5xx_hal_uart_ex.o
 .debug_frame   0x00005ec8      0x930 ./Drivers/STM32U5xx_HAL_Driver/Src/stm32u5xx_ll_sdmmc.o
 .debug_frame   0x000067f8      0x7c0 ./Drivers/STM32U5xx_HAL_Driver/Src/stm32u5xx_ll_usb.o
 .debug_frame   0x00006fb8       0x20 C:/ST/STM32CubeIDE_1.16.1/STM32CubeIDE/plugins/com.st.stm32cube.ide.mcu.externaltools.gnu-tools-for-stm32.12.3.rel1.win32_1.0.200.202406191623/tools/bin/../lib/gcc/arm-none-eabi/12.3.1/../../../../arm-none-eabi/lib/thumb/v8-m.main+fp/hard\libc_nano.a(libc_a-memset.o)
 .debug_frame   0x00006fd8       0x2c C:/ST/STM32CubeIDE_1.16.1/STM32CubeIDE/plugins/com.st.stm32cube.ide.mcu.externaltools.gnu-tools-for-stm32.12.3.rel1.win32_1.0.200.202406191623/tools/bin/../lib/gcc/arm-none-eabi/12.3.1/../../../../arm-none-eabi/lib/thumb/v8-m.main+fp/hard\libc_nano.a(libc_a-init.o)
 .debug_frame   0x00007004       0x2c C:/ST/STM32CubeIDE_1.16.1/STM32CubeIDE/plugins/com.st.stm32cube.ide.mcu.externaltools.gnu-tools-for-stm32.12.3.rel1.win32_1.0.200.202406191623/tools/bin/../lib/gcc/arm-none-eabi/12.3.1/thumb/v8-m.main+fp/hard\libgcc.a(_aeabi_uldivmod.o)
 .debug_frame   0x00007030       0x38 C:/ST/STM32CubeIDE_1.16.1/STM32CubeIDE/plugins/com.st.stm32cube.ide.mcu.externaltools.gnu-tools-for-stm32.12.3.rel1.win32_1.0.200.202406191623/tools/bin/../lib/gcc/arm-none-eabi/12.3.1/thumb/v8-m.main+fp/hard\libgcc.a(_udivmoddi4.o)

.debug_line_str
                0x00000000       0x74
 .debug_line_str
                0x00000000       0x74 ./Core/Startup/startup_stm32u575vgtx.o
